Component: ARM Compiler 5.06 update 6 (build 750) Tool: armlink [4d35ed]

==============================================================================

Section Cross References

    startup_stm32f072xb.o(RESET) refers to startup_stm32f072xb.o(STACK) for __initial_sp
    startup_stm32f072xb.o(RESET) refers to startup_stm32f072xb.o(.text) for Reset_Handler
    startup_stm32f072xb.o(RESET) refers to stm32f0xx_it.o(i.SysTick_Handler) for SysTick_Handler
    startup_stm32f072xb.o(RESET) refers to stm32f0xx_it.o(i.EXTI2_3_IRQHandler) for EXTI2_3_IRQHandler
    startup_stm32f072xb.o(RESET) refers to stm32f0xx_it.o(i.EXTI4_15_IRQHandler) for EXTI4_15_IRQHandler
    startup_stm32f072xb.o(RESET) refers to stm32f0xx_it.o(i.DMA1_Channel2_3_IRQHandler) for DMA1_Channel2_3_IRQHandler
    startup_stm32f072xb.o(RESET) refers to stm32f0xx_it.o(i.USART1_IRQHandler) for USART1_IRQHandler
    startup_stm32f072xb.o(.text) refers to system_stm32f0xx.o(i.SystemInit) for SystemInit
    startup_stm32f072xb.o(.text) refers to entry.o(.ARM.Collect$$$$00000000) for __main
    stm32f0xx_hal_pwr_ex.o(i.HAL_PWREx_Vddio2Monitor_IRQHandler) refers to stm32f0xx_hal_pwr_ex.o(i.HAL_PWREx_Vddio2MonitorCallback) for HAL_PWREx_Vddio2MonitorCallback
    stm32f0xx_hal_pwr_ex.o(i.HAL_PWR_PVD_IRQHandler) refers to stm32f0xx_hal_pwr_ex.o(i.HAL_PWR_PVDCallback) for HAL_PWR_PVDCallback
    stm32f0xx_hal_rcc_ex.o(i.HAL_RCCEx_CRSWaitSynchronization) refers to stm32f0xx_hal.o(i.HAL_GetTick) for HAL_GetTick
    stm32f0xx_hal_rcc_ex.o(i.HAL_RCCEx_CRS_IRQHandler) refers to stm32f0xx_hal_rcc_ex.o(i.HAL_RCCEx_CRS_SyncOkCallback) for HAL_RCCEx_CRS_SyncOkCallback
    stm32f0xx_hal_rcc_ex.o(i.HAL_RCCEx_CRS_IRQHandler) refers to stm32f0xx_hal_rcc_ex.o(i.HAL_RCCEx_CRS_SyncWarnCallback) for HAL_RCCEx_CRS_SyncWarnCallback
    stm32f0xx_hal_rcc_ex.o(i.HAL_RCCEx_CRS_IRQHandler) refers to stm32f0xx_hal_rcc_ex.o(i.HAL_RCCEx_CRS_ExpectedSyncCallback) for HAL_RCCEx_CRS_ExpectedSyncCallback
    stm32f0xx_hal_rcc_ex.o(i.HAL_RCCEx_CRS_IRQHandler) refers to stm32f0xx_hal_rcc_ex.o(i.HAL_RCCEx_CRS_ErrorCallback) for HAL_RCCEx_CRS_ErrorCallback
    stm32f0xx_hal_rcc_ex.o(i.HAL_RCCEx_GetPeriphCLKFreq) refers to stm32f0xx_hal_rcc.o(i.HAL_RCC_GetPCLK1Freq) for HAL_RCC_GetPCLK1Freq
    stm32f0xx_hal_rcc_ex.o(i.HAL_RCCEx_GetPeriphCLKFreq) refers to stm32f0xx_hal_rcc.o(i.HAL_RCC_GetSysClockFreq) for HAL_RCC_GetSysClockFreq
    stm32f0xx_hal_rcc_ex.o(i.HAL_RCCEx_GetPeriphCLKFreq) refers to uidiv.o(.text) for __aeabi_uidivmod
    stm32f0xx_hal_rcc_ex.o(i.HAL_RCCEx_PeriphCLKConfig) refers to stm32f0xx_hal.o(i.HAL_GetTick) for HAL_GetTick
    stm32f0xx_hal_flash.o(i.FLASH_Program_HalfWord) refers to stm32f0xx_hal_flash.o(.bss) for .bss
    stm32f0xx_hal_flash.o(i.FLASH_SetErrorCode) refers to stm32f0xx_hal_flash.o(.bss) for .bss
    stm32f0xx_hal_flash.o(i.FLASH_WaitForLastOperation) refers to stm32f0xx_hal.o(i.HAL_GetTick) for HAL_GetTick
    stm32f0xx_hal_flash.o(i.FLASH_WaitForLastOperation) refers to stm32f0xx_hal_flash.o(i.FLASH_SetErrorCode) for FLASH_SetErrorCode
    stm32f0xx_hal_flash.o(i.HAL_FLASH_GetError) refers to stm32f0xx_hal_flash.o(.bss) for .bss
    stm32f0xx_hal_flash.o(i.HAL_FLASH_IRQHandler) refers to stm32f0xx_hal_flash.o(i.FLASH_SetErrorCode) for FLASH_SetErrorCode
    stm32f0xx_hal_flash.o(i.HAL_FLASH_IRQHandler) refers to stm32f0xx_hal_flash.o(i.HAL_FLASH_OperationErrorCallback) for HAL_FLASH_OperationErrorCallback
    stm32f0xx_hal_flash.o(i.HAL_FLASH_IRQHandler) refers to stm32f0xx_hal_flash.o(i.FLASH_Program_HalfWord) for FLASH_Program_HalfWord
    stm32f0xx_hal_flash.o(i.HAL_FLASH_IRQHandler) refers to stm32f0xx_hal_flash.o(i.HAL_FLASH_EndOfOperationCallback) for HAL_FLASH_EndOfOperationCallback
    stm32f0xx_hal_flash.o(i.HAL_FLASH_IRQHandler) refers to stm32f0xx_hal_flash_ex.o(i.FLASH_PageErase) for FLASH_PageErase
    stm32f0xx_hal_flash.o(i.HAL_FLASH_IRQHandler) refers to stm32f0xx_hal_flash.o(.bss) for .bss
    stm32f0xx_hal_flash.o(i.HAL_FLASH_OB_Launch) refers to stm32f0xx_hal_flash.o(i.FLASH_WaitForLastOperation) for FLASH_WaitForLastOperation
    stm32f0xx_hal_flash.o(i.HAL_FLASH_Program) refers to stm32f0xx_hal_flash.o(i.FLASH_WaitForLastOperation) for FLASH_WaitForLastOperation
    stm32f0xx_hal_flash.o(i.HAL_FLASH_Program) refers to llushr.o(.text) for __aeabi_llsr
    stm32f0xx_hal_flash.o(i.HAL_FLASH_Program) refers to stm32f0xx_hal_flash.o(i.FLASH_Program_HalfWord) for FLASH_Program_HalfWord
    stm32f0xx_hal_flash.o(i.HAL_FLASH_Program) refers to stm32f0xx_hal_flash.o(.bss) for .bss
    stm32f0xx_hal_flash.o(i.HAL_FLASH_Program_IT) refers to stm32f0xx_hal_flash.o(i.FLASH_Program_HalfWord) for FLASH_Program_HalfWord
    stm32f0xx_hal_flash.o(i.HAL_FLASH_Program_IT) refers to stm32f0xx_hal_flash.o(.bss) for .bss
    stm32f0xx_hal_dma.o(i.DMA_CalcBaseAndBitshift) refers to uidiv.o(.text) for __aeabi_uidivmod
    stm32f0xx_hal_dma.o(i.HAL_DMA_DeInit) refers to stm32f0xx_hal_dma.o(i.DMA_CalcBaseAndBitshift) for DMA_CalcBaseAndBitshift
[...]
    i.__ARM_fpclassify                       0x08003934   Section        0  fpclassify.o(i.__ARM_fpclassify)
    i.__kernel_poly                          0x08003960   Section        0  poly.o(i.__kernel_poly)
    i.__mathlib_dbl_infnan                   0x08003a0c   Section        0  dunder.o(i.__mathlib_dbl_infnan)
    i.__mathlib_dbl_invalid                  0x08003a16   Section        0  dunder.o(i.__mathlib_dbl_invalid)
    i.__mathlib_dbl_underflow                0x08003a28   Section        0  dunder.o(i.__mathlib_dbl_underflow)
    i.__scatterload_copy                     0x08003a3c   Section       14  handlers.o(i.__scatterload_copy)
    i.__scatterload_null                     0x08003a4a   Section        2  handlers.o(i.__scatterload_null)
    i.__scatterload_zeroinit                 0x08003a4c   Section       14  handlers.o(i.__scatterload_zeroinit)
    i.__set_errno                            0x08003a5c   Section        0  errno.o(i.__set_errno)
    i._fp_digits                             0x08003a68   Section        0  printfa.o(i._fp_digits)
    _fp_digits                               0x08003a69   Thumb Code   344  printfa.o(i._fp_digits)
    i._printf_core                           0x08003bdc   Section        0  printfa.o(i._printf_core)
    _printf_core                             0x08003bdd   Thumb Code  1754  printfa.o(i._printf_core)
    i._printf_post_padding                   0x080042c8   Section        0  printfa.o(i._printf_post_padding)
    _printf_post_padding                     0x080042c9   Thumb Code    32  printfa.o(i._printf_post_padding)
    i._printf_pre_padding                    0x080042e8   Section        0  printfa.o(i._printf_pre_padding)
    _printf_pre_padding                      0x080042e9   Thumb Code    44  printfa.o(i._printf_pre_padding)
    i.accel_self_test                        0x08004314   Section        0  inv_mpu.o(i.accel_self_test)
    accel_self_test                          0x08004315   Thumb Code   104  inv_mpu.o(i.accel_self_test)
    i.asin                                   0x08004388   Section        0  asin.o(i.asin)
    i.balance                                0x080045fc   Section        0  exti_pd2_irqhandler.o(i.balance)
    i.dmp_enable_6x_lp_quat                  0x08004650   Section        0  inv_mpu_dmp_motion_driver.o(i.dmp_enable_6x_lp_quat)
    i.dmp_enable_feature                     0x08004688   Section        0  inv_mpu_dmp_motion_driver.o(i.dmp_enable_feature)
    i.dmp_enable_gyro_cal                    0x0800483c   Section        0  inv_mpu_dmp_motion_driver.o(i.dmp_enable_gyro_cal)
    i.dmp_enable_lp_quat                     0x0800487c   Section        0  inv_mpu_dmp_motion_driver.o(i.dmp_enable_lp_quat)
    i.dmp_load_motion_driver_firmware        0x080048b4   Section        0  inv_mpu_dmp_motion_driver.o(i.dmp_load_motion_driver_firmware)
    i.dmp_read_fifo                          0x080048d0   Section        0  inv_mpu_dmp_motion_driver.o(i.dmp_read_fifo)
    i.dmp_set_fifo_rate                      0x08004a30   Section        0  inv_mpu_dmp_motion_driver.o(i.dmp_set_fifo_rate)
    i.dmp_set_interrupt_mode                 0x08004a9c   Section        0  inv_mpu_dmp_motion_driver.o(i.dmp_set_interrupt_mode)
    i.dmp_set_orientation                    0x08004af4   Section        0  inv_mpu_dmp_motion_driver.o(i.dmp_set_orientation)
    i.dmp_set_shake_reject_thresh            0x08004be4   Section        0  inv_mpu_dmp_motion_driver.o(i.dmp_set_shake_reject_thresh)
    i.dmp_set_shake_reject_time              0x08004c10   Section        0  inv_mpu_dmp_motion_driver.o(i.dmp_set_shake_reject_time)
    i.dmp_set_shake_reject_timeout           0x08004c2e   Section        0  inv_mpu_dmp_motion_driver.o(i.dmp_set_shake_reject_timeout)
    i.dmp_set_tap_axes                       0x08004c4c   Section        0  inv_mpu_dmp_motion_driver.o(i.dmp_set_tap_axes)
    i.dmp_set_tap_count                      0x08004c82   Section        0  inv_mpu_dmp_motion_driver.o(i.dmp_set_tap_count)
    i.dmp_set_tap_thresh                     0x08004ca8   Section        0  inv_mpu_dmp_motion_driver.o(i.dmp_set_tap_thresh)
    i.dmp_set_tap_time                       0x08004dd8   Section        0  inv_mpu_dmp_motion_driver.o(i.dmp_set_tap_time)
    i.dmp_set_tap_time_multi                 0x08004df6   Section        0  inv_mpu_dmp_motion_driver.o(i.dmp_set_tap_time_multi)
    i.fputc                                  0x08004e14   Section        0  override_printf_&_scanf.o(i.fputc)
    i.get_accel_prod_shift                   0x08004e30   Section        0  inv_mpu.o(i.get_accel_prod_shift)
    get_accel_prod_shift                     0x08004e31   Thumb Code   150  inv_mpu.o(i.get_accel_prod_shift)
    i.get_st_biases                          0x08004ed4   Section        0  inv_mpu.o(i.get_st_biases)
    get_st_biases                            0x08004ed5   Thumb Code   818  inv_mpu.o(i.get_st_biases)
    i.gyro_self_test                         0x0800520c   Section        0  inv_mpu.o(i.gyro_self_test)
    gyro_self_test                           0x0800520d   Thumb Code   178  inv_mpu.o(i.gyro_self_test)
    i.inv_apply_calibration                  0x080052d8   Section        0  data_builder.o(i.inv_apply_calibration)
    i.inv_convert_to_body_with_scale         0x08005344   Section        0  ml_math_func.o(i.inv_convert_to_body_with_scale)
    i.inv_orientation_matrix_to_scalar       0x080053a8   Section        0  ml_math_func.o(i.inv_orientation_matrix_to_scalar)
    i.inv_q30_mult                           0x080053ca   Section        0  ml_math_func.o(i.inv_q30_mult)
    i.inv_row_2_scale                        0x080053d8   Section        0  ml_math_func.o(i.inv_row_2_scale)
    inv_row_2_scale                          0x080053d9   Thumb Code    64  ml_math_func.o(i.inv_row_2_scale)
    i.inv_set_accel_bias                     0x08005418   Section        0  data_builder.o(i.inv_set_accel_bias)
    i.inv_set_accel_orientation_and_scale    0x08005458   Section        0  data_builder.o(i.inv_set_accel_orientation_and_scale)
    i.inv_set_accel_sample_rate              0x08005464   Section        0  data_builder.o(i.inv_set_accel_sample_rate)
    i.inv_set_gyro_bias                      0x08005494   Section        0  data_builder.o(i.inv_set_gyro_bias)
    i.inv_set_gyro_orientation_and_scale     0x080054e8   Section        0  data_builder.o(i.inv_set_gyro_orientation_and_scale)
    i.inv_set_gyro_sample_rate               0x080054f4   Section        0  data_builder.o(i.inv_set_gyro_sample_rate)
    i.inv_set_message                        0x08005520   Section        0  message_layer.o(i.inv_set_message)
    i.main                                   0x08005534   Section        0  main.o(i.main)
    i.mpu_configure_fifo                     0x08005574   Section        0  inv_mpu.o(i.mpu_configure_fifo)
    i.mpu_get_accel_fsr                      0x080055d0   Section        0  inv_mpu.o(i.mpu_get_accel_fsr)
    i.mpu_get_accel_sens                     0x08005610   Section        0  inv_mpu.o(i.mpu_get_accel_sens)
    i.mpu_get_gyro_fsr                       0x08005658   Section        0  inv_mpu.o(i.mpu_get_gyro_fsr)
    i.mpu_get_gyro_sens                      0x08005690   Section        0  inv_mpu.o(i.mpu_get_gyro_sens)
    i.mpu_get_lpf                            0x080056d4   Section        0  inv_mpu.o(i.mpu_get_lpf)
    i.mpu_get_sample_rate                    0x08005710   Section        0  inv_mpu.o(i.mpu_get_sample_rate)
    i.mpu_init                               0x08005730   Section        0  inv_mpu.o(i.mpu_init)
    i.mpu_load_firmware                      0x080057f4   Section        0  inv_mpu.o(i.mpu_load_firmware)
    i.mpu_lp_accel_mode                      0x08005890   Section        0  inv_mpu.o(i.mpu_lp_accel_mode)
    i.mpu_read_fifo_stream                   0x08005938   Section        0  inv_mpu.o(i.mpu_read_fifo_stream)
    i.mpu_read_mem                           0x080059d4   Section        0  inv_mpu.o(i.mpu_read_mem)
    i.mpu_reset_fifo                         0x08005a2c   Section        0  inv_mpu.o(i.mpu_reset_fifo)
    i.mpu_run_self_test                      0x08005b98   Section        0  inv_mpu.o(i.mpu_run_self_test)
    i.mpu_set_accel_fsr                      0x08005c94   Section        0  inv_mpu.o(i.mpu_set_accel_fsr)
    i.mpu_set_bypass                         0x08005cfc   Section        0  inv_mpu.o(i.mpu_set_bypass)
    i.mpu_set_dmp_state                      0x08005dd8   Section        0  inv_mpu.o(i.mpu_set_dmp_state)
    i.mpu_set_gyro_fsr                       0x08005e50   Section        0  inv_mpu.o(i.mpu_set_gyro_fsr)
    i.mpu_set_int_latched                    0x08005ec0   Section        0  inv_mpu.o(i.mpu_set_int_latched)
    i.mpu_set_lpf                            0x08005f28   Section        0  inv_mpu.o(i.mpu_set_lpf)
    i.mpu_set_sample_rate                    0x08005f94   Section        0  inv_mpu.o(i.mpu_set_sample_rate)
    i.mpu_set_sensors                        0x08006028   Section        0  inv_mpu.o(i.mpu_set_sensors)
    i.mpu_start                              0x080060e4   Section        0  mpu6050_set_init.o(i.mpu_start)
    i.mpu_write_mem                          0x08006810   Section        0  inv_mpu.o(i.mpu_write_mem)
    i.run_self_test                          0x08006868   Section        0  mpu6050_set_init.o(i.run_self_test)
    run_self_test                            0x08006869   Thumb Code   324  mpu6050_set_init.o(i.run_self_test)
    i.self_balancing_robot_main_Init         0x08006a28   Section        0  self-balancing-robot_main_init.o(i.self_balancing_robot_main_Init)
    i.set_int_enable                         0x08006ad0   Section        0  inv_mpu.o(i.set_int_enable)
    set_int_enable                           0x08006ad1   Thumb Code    96  inv_mpu.o(i.set_int_enable)
    i.sqrt                                   0x08006b34   Section        0  sqrt.o(i.sqrt)
    i.turn                                   0x08006b7c   Section        0  exti_pd2_irqhandler.o(i.turn)
    i.velocity                               0x08006cc4   Section        0  exti_pd2_irqhandler.o(i.velocity)
    .constdata                               0x08006d88   Section       30  inv_mpu.o(.constdata)
    .constdata                               0x08006da6   Section       12  inv_mpu.o(.constdata)
    .constdata                               0x08006db4   Section       40  inv_mpu.o(.constdata)
    .constdata                               0x08006ddc   Section     3062  inv_mpu_dmp_motion_driver.o(.constdata)
    dmp_memory                               0x08006ddc   Data        3062  inv_mpu_dmp_motion_driver.o(.constdata)
    .constdata                               0x080079d2   Section       16  system_stm32f0xx.o(.constdata)
    .constdata                               0x080079e2   Section        8  system_stm32f0xx.o(.constdata)
    .constdata                               0x080079f0   Section       80  asin.o(.constdata)
    pS                                       0x080079f0   Data          48  asin.o(.constdata)
    qS                                       0x08007a20   Data          32  asin.o(.constdata)
    .conststring                             0x08007a40   Section      286  mpu6050_set_init.o(.conststring)
    .data                                    0x20000000   Section        4  stm32f0xx_hal.o(.data)
    .data                                    0x20000004   Section       15  mpu6050_set_init.o(.data)
    gyro_pdata                               0x2000000a   Data           9  mpu6050_set_init.o(.data)
    .data                                    0x20000018   Section       64  mpu6050_get_data.o(.data)
    .data                                    0x20000058   Section       44  inv_mpu.o(.data)
    st                                       0x20000058   Data          44  inv_mpu.o(.data)
    .data                                    0x20000084   Section        4  message_layer.o(.data)
    mh                                       0x20000084   Data           4  message_layer.o(.data)
    .data                                    0x20000088   Section      152  exti_pd2_irqhandler.o(.data)
    Velocity                                 0x20000088   Data           4  exti_pd2_irqhandler.o(.data)
    Encoder_Least                            0x2000008c   Data           4  exti_pd2_irqhandler.o(.data)
    Encoder                                  0x20000090   Data           4  exti_pd2_irqhandler.o(.data)
    Encoder_Integral                         0x20000094   Data           4  exti_pd2_irqhandler.o(.data)
    Turn_Target                              0x20000098   Data           4  exti_pd2_irqhandler.o(.data)
    Turn                                     0x2000009c   Data           4  exti_pd2_irqhandler.o(.data)
    Encoder_temp                             0x200000a0   Data           4  exti_pd2_irqhandler.o(.data)
    Turn_Convert                             0x200000a4   Data           4  exti_pd2_irqhandler.o(.data)
    Turn_Count                               0x200000a8   Data           4  exti_pd2_irqhandler.o(.data)
    .data                                    0x20000120   Section        1  self-balancing-robot_main_init.o(.data)
    .data                                    0x20000128   Section       16  exti_usart1_bt.o(.data)
    .data                                    0x20000138   Section        4  system_stm32f0xx.o(.data)
    .data                                    0x2000013c   Section        4  stdout.o(.data)
    .data                                    0x20000140   Section        4  errno.o(.data)
    _errno                                   0x20000140   Data           4  errno.o(.data)
    .bss                                     0x20000144   Section       16  mpu6050_get_data.o(.bss)
    .bss                                     0x20000154   Section       16  inv_mpu_dmp_motion_driver.o(.bss)
    dmp                                      0x20000154   Data          16  inv_mpu_dmp_motion_driver.o(.bss)
    .bss                                     0x20000168   Section      784  data_builder.o(.bss)
    inv_data_builder                         0x20000168   Data         320  data_builder.o(.bss)
    sensors                                  0x200002a8   Data         464  data_builder.o(.bss)
    .bss                                     0x20000478   Section      192  tim.o(.bss)
    .bss                                     0x20000538   Section       76  i2c.o(.bss)
    .bss                                     0x20000584   Section      360  usart.o(.bss)
    .bss                                     0x200006ec   Section       28  self-balancing-robot_main_init.o(.bss)
    STACK                                    0x20000708   Section     1024  startup_stm32f072xb.o(STACK)

    Global Symbols

    Symbol Name                              Value     Ov Type        Size  Object(Section)

    BuildAttributes$$THM_ISAv3M$S$PE$A:L22$X:L11$S22$IEEE1$IW$USESV6$~STKCKD$USESV7$~SHL$OTIME$ROPI$IEEEX$EBA8$MICROLIB$REQ8$PRES8$EABIv2 0x00000000   Number         0  anon$$obj.o ABSOLUTE
    __ARM_use_no_argv                        0x00000000   Number         0  main.o ABSOLUTE
    _printf_a                                0x00000000   Number         0  stubs.o ABSOLUTE
    _printf_c                                0x00000000   Number         0  stubs.o ABSOLUTE
    _printf_charcount                        0x00000000   Number         0  stubs.o ABSOLUTE
    _printf_d                                0x00000000   Number         0  stubs.o ABSOLUTE
    _printf_e                                0x00000000   Number         0  stubs.o ABSOLUTE
    _printf_f                                0x00000000   Number         0  stubs.o ABSOLUTE
    _printf_flags                            0x00000000   Number         0  stubs.o ABSOLUTE
    _printf_fp_dec                           0x00000000   Number         0  stubs.o ABSOLUTE
    _printf_fp_hex                           0x00000000   Number         0  stubs.o ABSOLUTE
    _printf_g                                0x00000000   Number         0  stubs.o ABSOLUTE
    _printf_i                                0x00000000   Number         0  stubs.o ABSOLUTE
    _printf_int_dec                          0x00000000   Number         0  stubs.o ABSOLUTE
    _printf_l                                0x00000000   Number         0  stubs.o ABSOLUTE
    _printf_lc                               0x00000000   Number         0  stubs.o ABSOLUTE
    _printf_ll                               0x00000000   Number         0  stubs.o ABSOLUTE
    _printf_lld                              0x00000000   Number         0  stubs.o ABSOLUTE
    _printf_lli                              0x00000000   Number         0  stubs.o ABSOLUTE
    _printf_llo                              0x00000000   Number         0  stubs.o ABSOLUTE
    _printf_llu                              0x00000000   Number         0  stubs.o ABSOLUTE
    _printf_llx                              0x00000000   Number         0  stubs.o ABSOLUTE
    _printf_longlong_dec                     0x00000000   Number         0  stubs.o ABSOLUTE
    _printf_longlong_hex                     0x00000000   Number         0  stubs.o ABSOLUTE
    _printf_longlong_oct                     0x00000000   Number         0  stubs.o ABSOLUTE
    _printf_ls                               0x00000000   Number         0  stubs.o ABSOLUTE
    _printf_mbtowc                           0x00000000   Number         0  stubs.o ABSOLUTE
    _printf_n                                0x00000000   Number         0  stubs.o ABSOLUTE
    _printf_o                                0x00000000   Number         0  stubs.o ABSOLUTE
    _printf_p                                0x00000000   Number         0  stubs.o ABSOLUTE
    _printf_percent                          0x00000000   Number         0  stubs.o ABSOLUTE
    _printf_pre_padding                      0x00000000   Number         0  stubs.o ABSOLUTE
    _printf_return_value                     0x00000000   Number         0  stubs.o ABSOLUTE
    _printf_s                                0x00000000   Number         0  stubs.o ABSOLUTE
    _printf_sizespec                         0x00000000   Number         0  stubs.o ABSOLUTE
    _printf_str                              0x00000000   Number         0  stubs.o ABSOLUTE
    _printf_truncate_signed                  0x00000000   Number         0  stubs.o ABSOLUTE
    _printf_truncate_unsigned                0x00000000   Number         0  stubs.o ABSOLUTE
    _printf_u                                0x00000000   Number         0  stubs.o ABSOLUTE
    _printf_wc                               0x00000000   Number         0  stubs.o ABSOLUTE
    _printf_wctomb                           0x00000000   Number         0  stubs.o ABSOLUTE
    _printf_widthprec                        0x00000000   Number         0  stubs.o ABSOLUTE
    _printf_x                                0x00000000   Number         0  stubs.o ABSOLUTE
    __cpp_initialize__aeabi_                  - Undefined Weak Reference
    __cxa_finalize                            - Undefined Weak Reference
    _clock_init                               - Undefined Weak Reference
    _microlib_exit                            - Undefined Weak Reference
    __Vectors_Size                           0x000000c0   Number         0  startup_stm32f072xb.o ABSOLUTE
    __Vectors                                0x08000000   Data           4  startup_stm32f072xb.o(RESET)
    __Vectors_End                            0x080000c0   Data           0  startup_stm32f072xb.o(RESET)
    __main                                   0x080000c1   Thumb Code     0  entry.o(.ARM.Collect$$$$00000000)
    _main_stk                                0x080000c1   Thumb Code     0  entry2.o(.ARM.Collect$$$$00000001)
    _main_scatterload                        0x080000c5   Thumb Code     0  entry5.o(.ARM.Collect$$$$00000004)
    __main_after_scatterload                 0x080000c9   Thumb Code     0  entry5.o(.ARM.Collect$$$$00000004)
    _main_clock                              0x080000c9   Thumb Code     0  entry7b.o(.ARM.Collect$$$$00000008)
    _main_cpp_init                           0x080000c9   Thumb Code     0  entry8b.o(.ARM.Collect$$$$0000000A)
    _main_init                               0x080000c9   Thumb Code     0  entry9a.o(.ARM.Collect$$$$0000000B)
    __rt_final_cpp                           0x080000d1   Thumb Code     0  entry10a.o(.ARM.Collect$$$$0000000D)
    __rt_final_exit                          0x080000d1   Thumb Code     0  entry11a.o(.ARM.Collect$$$$0000000F)
    Reset_Handler                            0x080000d5   Thumb Code     8  startup_stm32f072xb.o(.text)
    NMI_Handler                              0x080000dd   Thumb Code     2  startup_stm32f072xb.o(.text)
    HardFault_Handler                        0x080000df   Thumb Code     2  startup_stm32f072xb.o(.text)
    SVC_Handler                              0x080000e1   Thumb Code     2  startup_stm32f072xb.o(.text)
    PendSV_Handler                           0x080000e3   Thumb Code     2  startup_stm32f072xb.o(.text)
    ADC1_COMP_IRQHandler                     0x080000e7   Thumb Code     0  startup_stm32f072xb.o(.text)
    CEC_CAN_IRQHandler                       0x080000e7   Thumb Code     0  startup_stm32f072xb.o(.text)
    DMA1_Channel1_IRQHandler                 0x080000e7   Thumb Code     0  startup_stm32f072xb.o(.text)
    DMA1_Channel4_5_6_7_IRQHandler           0x080000e7   Thumb Code     0  startup_stm32f072xb.o(.text)
    EXTI0_1_IRQHandler                       0x080000e7   Thumb Code     0  startup_stm32f072xb.o(.text)
    FLASH_IRQHandler                         0x080000e7   Thumb Code     0  startup_stm32f072xb.o(.text)
    I2C1_IRQHandler                          0x080000e7   Thumb Code     0  startup_stm32f072xb.o(.text)
    I2C2_IRQHandler                          0x080000e7   Thumb Code     0  startup_stm32f072xb.o(.text)
    PVD_VDDIO2_IRQHandler                    0x080000e7   Thumb Code     0  startup_stm32f072xb.o(.text)
    RCC_CRS_IRQHandler                       0x080000e7   Thumb Code     0  startup_stm32f072xb.o(.text)
    RTC_IRQHandler                           0x080000e7   Thumb Code     0  startup_stm32f072xb.o(.text)
    SPI1_IRQHandler                          0x080000e7   Thumb Code     0  startup_stm32f072xb.o(.text)
    SPI2_IRQHandler                          0x080000e7   Thumb Code     0  startup_stm32f072xb.o(.text)
    TIM14_IRQHandler                         0x080000e7   Thumb Code     0  startup_stm32f072xb.o(.text)
    TIM15_IRQHandler                         0x080000e7   Thumb Code     0  startup_stm32f072xb.o(.text)
    TIM16_IRQHandler                         0x080000e7   Thumb Code     0  startup_stm32f072xb.o(.text)
    TIM17_IRQHandler                         0x080000e7   Thumb Code     0  startup_stm32f072xb.o(.text)
    TIM1_BRK_UP_TRG_COM_IRQHandler           0x080000e7   Thumb Code     0  startup_stm32f072xb.o(.text)
    TIM1_CC_IRQHandler                       0x080000e7   Thumb Code     0  startup_stm32f072xb.o(.text)
    TIM2_IRQHandler                          0x080000e7   Thumb Code     0  startup_stm32f072xb.o(.text)
    TIM3_IRQHandler                          0x080000e7   Thumb Code     0  startup_stm32f072xb.o(.text)
    TIM6_DAC_IRQHandler                      0x080000e7   Thumb Code     0  startup_stm32f072xb.o(.text)
    TIM7_IRQHandler                          0x080000e7   Thumb Code     0  startup_stm32f072xb.o(.text)
    TSC_IRQHandler                           0x080000e7   Thumb Code     0  startup_stm32f072xb.o(.text)
    USART2_IRQHandler                        0x080000e7   Thumb Code     0  startup_stm32f072xb.o(.text)
    USART3_4_IRQHandler                      0x080000e7   Thumb Code     0  startup_stm32f072xb.o(.text)
    USB_IRQHandler                           0x080000e7   Thumb Code     0  startup_stm32f072xb.o(.text)
    WWDG_IRQHandler                          0x080000e7   Thumb Code     0  startup_stm32f072xb.o(.text)
    __aeabi_uidiv                            0x080000f1   Thumb Code     0  uidiv.o(.text)
    __aeabi_uidivmod                         0x080000f1   Thumb Code    44  uidiv.o(.text)
    __aeabi_idiv                             0x0800011d   Thumb Code     0  idiv.o(.text)
    __aeabi_idivmod                          0x0800011d   Thumb Code    40  idiv.o(.text)
    __aeabi_ldivmod                          0x08000145   Thumb Code    76  ldiv.o(.text)
    __aeabi_llsr                             0x08000191   Thumb Code    34  llushr.o(.text)
    _ll_ushift_r                             0x08000191   Thumb Code     0  llushr.o(.text)
    __aeabi_lasr                             0x080001b3   Thumb Code    38  llsshr.o(.text)
    _ll_sshift_r                             0x080001b3   Thumb Code     0  llsshr.o(.text)
    __aeabi_memset                           0x080001d9   Thumb Code    14  memseta.o(.text)
    __aeabi_memset4                          0x080001d9   Thumb Code     0  memseta.o(.text)
    __aeabi_memset8                          0x080001d9   Thumb Code     0  memseta.o(.text)
    __aeabi_memclr                           0x080001e7   Thumb Code     4  memseta.o(.text)
    __aeabi_memclr4                          0x080001e7   Thumb Code     0  memseta.o(.text)
    __aeabi_memclr8                          0x080001e7   Thumb Code     0  memseta.o(.text)
    _memset$wrapper                          0x080001eb   Thumb Code    18  memseta.o(.text)
    memcmp                                   0x080001fd   Thumb Code    26  memcmp.o(.text)
    __aeabi_fadd                             0x08000217   Thumb Code   162  fadd.o(.text)
    __aeabi_fsub                             0x080002b9   Thumb Code     8  fadd.o(.text)
    __aeabi_frsub                            0x080002c1   Thumb Code     8  fadd.o(.text)
    __aeabi_fmul                             0x080002c9   Thumb Code   122  fmul.o(.text)
    __aeabi_fdiv                             0x08000343   Thumb Code   124  fdiv.o(.text)
    __ARM_scalbnf                            0x080003bf   Thumb Code    24  fscalb.o(.text)
    scalbnf                                  0x080003bf   Thumb Code     0  fscalb.o(.text)
    __aeabi_dadd                             0x080003d9   Thumb Code   328  dadd.o(.text)
    __aeabi_dsub                             0x08000521   Thumb Code    12  dadd.o(.text)
    __aeabi_drsub                            0x0800052d   Thumb Code    12  dadd.o(.text)
    __aeabi_dmul                             0x0800053d   Thumb Code   202  dmul.o(.text)
    __aeabi_ddiv                             0x0800060d   Thumb Code   234  ddiv.o(.text)
    __ARM_scalbn                             0x080006fd   Thumb Code    44  dscalb.o(.text)
    scalbn                                   0x080006fd   Thumb Code     0  dscalb.o(.text)
    __aeabi_i2f                              0x08000729   Thumb Code    22  fflti.o(.text)
    __aeabi_ui2f                             0x0800073f   Thumb Code    14  ffltui.o(.text)
    __aeabi_i2d                              0x0800074d   Thumb Code    34  dflti.o(.text)
    __aeabi_f2iz                             0x08000775   Thumb Code    50  ffixi.o(.text)
    __aeabi_f2uiz                            0x080007a7   Thumb Code    40  ffixui.o(.text)
    __aeabi_d2iz                             0x080007d1   Thumb Code    62  dfixi.o(.text)
    __aeabi_f2d                              0x08000819   Thumb Code    40  f2d.o(.text)
    __aeabi_cdcmpeq                          0x08000841   Thumb Code     0  cdcmple.o(.text)
    __aeabi_cdcmple                          0x08000841   Thumb Code    38  cdcmple.o(.text)
    __aeabi_cdrcmple                         0x08000869   Thumb Code    38  cdrcmple.o(.text)
    __aeabi_d2f                              0x08000891   Thumb Code    56  d2f.o(.text)
    __aeabi_uldivmod                         0x080008c9   Thumb Code    96  uldiv.o(.text)
    __aeabi_llsl                             0x08000929   Thumb Code    32  llshl.o(.text)
    _ll_shift_l                              0x08000929   Thumb Code     0  llshl.o(.text)
    __I$use$fp                               0x08000949   Thumb Code     0  iusefp.o(.text)
    _float_round                             0x08000949   Thumb Code    16  fepilogue.o(.text)
    _float_epilogue                          0x08000959   Thumb Code   114  fepilogue.o(.text)
    _double_round                            0x080009cb   Thumb Code    26  depilogue.o(.text)
    _double_epilogue                         0x080009e5   Thumb Code   164  depilogue.o(.text)
    _dsqrt                                   0x08000a89   Thumb Code   162  dsqrt.o(.text)
    __aeabi_d2ulz                            0x08000b2d   Thumb Code    54  dfixul.o(.text)
    __scatterload                            0x08000b6d   Thumb Code    28  init.o(.text)
    __scatterload_rt2                        0x08000b6d   Thumb Code     0  init.o(.text)
    __decompress                             0x08000b91   Thumb Code     0  __dczerorl2.o(.text)
    __decompress1                            0x08000b91   Thumb Code    86  __dczerorl2.o(.text)
    DMA1_Channel2_3_IRQHandler               0x08000be9   Thumb Code    16  stm32f0xx_it.o(i.DMA1_Channel2_3_IRQHandler)
    EXTI2_3_IRQHandler                       0x08000c4d   Thumb Code    10  stm32f0xx_it.o(i.EXTI2_3_IRQHandler)
    EXTI4_15_IRQHandler                      0x08000c57   Thumb Code    12  stm32f0xx_it.o(i.EXTI4_15_IRQHandler)
    HAL_DMA_Abort_IT                         0x08000c63   Thumb Code    72  stm32f0xx_hal_dma.o(i.HAL_DMA_Abort_IT)
    HAL_DMA_IRQHandler                       0x08000cab   Thumb Code   156  stm32f0xx_hal_dma.o(i.HAL_DMA_IRQHandler)
    HAL_DMA_Init                             0x08000d49   Thumb Code    84  stm32f0xx_hal_dma.o(i.HAL_DMA_Init)
    HAL_DMA_Start_IT                         0x08000da1   Thumb Code   106  stm32f0xx_hal_dma.o(i.HAL_DMA_Start_IT)
    HAL_Delay                                0x08000e0b   Thumb Code    28  stm32f0xx_hal.o(i.HAL_Delay)
    HAL_GPIO_EXTI_Callback                   0x08000e29   Thumb Code   178  exti_pd2_irqhandler.o(i.HAL_GPIO_EXTI_Callback)
    HAL_GPIO_EXTI_IRQHandler                 0x08000ef5   Thumb Code    18  stm32f0xx_hal_gpio.o(i.HAL_GPIO_EXTI_IRQHandler)
    HAL_GPIO_Init                            0x08000f0d   Thumb Code   314  stm32f0xx_hal_gpio.o(i.HAL_GPIO_Init)
    HAL_GPIO_WritePin                        0x08001065   Thumb Code    12  stm32f0xx_hal_gpio.o(i.HAL_GPIO_WritePin)
    HAL_GetTick                              0x08001071   Thumb Code     6  stm32f0xx_hal.o(i.HAL_GetTick)
    HAL_I2CEx_ConfigAnalogFilter             0x0800107d   Thumb Code    74  stm32f0xx_hal_i2c_ex.o(i.HAL_I2CEx_ConfigAnalogFilter)
    HAL_I2CEx_ConfigDigitalFilter            0x080010c7   Thumb Code    72  stm32f0xx_hal_i2c_ex.o(i.HAL_I2CEx_ConfigDigitalFilter)
    HAL_I2C_Init                             0x08001111   Thumb Code   176  stm32f0xx_hal_i2c.o(i.HAL_I2C_Init)
    HAL_I2C_Mem_Read                         0x080011c5   Thumb Code   340  stm32f0xx_hal_i2c.o(i.HAL_I2C_Mem_Read)
    HAL_I2C_Mem_Write                        0x0800131d   Thumb Code   334  stm32f0xx_hal_i2c.o(i.HAL_I2C_Mem_Write)
    HAL_I2C_MspInit                          0x08001471   Thumb Code    62  i2c.o(i.HAL_I2C_MspInit)
    HAL_IncTick                              0x080014bd   Thumb Code    10  stm32f0xx_hal.o(i.HAL_IncTick)
    HAL_Init                                 0x080014cd   Thumb Code    26  stm32f0xx_hal.o(i.HAL_Init)
    HAL_InitTick                             0x080014ed   Thumb Code    34  stm32f0xx_hal.o(i.HAL_InitTick)
    HAL_MspInit                              0x08001511   Thumb Code    50  stm32f0xx_hal_msp.o(i.HAL_MspInit)
    HAL_NVIC_ClearPendingIRQ                 0x08001549   Thumb Code    14  stm32f0xx_hal_cortex.o(i.HAL_NVIC_ClearPendingIRQ)
    HAL_NVIC_DisableIRQ                      0x0800155d   Thumb Code    14  stm32f0xx_hal_cortex.o(i.HAL_NVIC_DisableIRQ)
    HAL_NVIC_EnableIRQ                       0x08001571   Thumb Code    14  stm32f0xx_hal_cortex.o(i.HAL_NVIC_EnableIRQ)
    HAL_NVIC_SetPriority                     0x08001585   Thumb Code     8  stm32f0xx_hal_cortex.o(i.HAL_NVIC_SetPriority)
    HAL_RCCEx_PeriphCLKConfig                0x0800158d   Thumb Code   274  stm32f0xx_hal_rcc_ex.o(i.HAL_RCCEx_PeriphCLKConfig)
    HAL_RCC_ClockConfig                      0x080016ad   Thumb Code   320  stm32f0xx_hal_rcc.o(i.HAL_RCC_ClockConfig)
    HAL_RCC_GetHCLKFreq                      0x08001801   Thumb Code     6  stm32f0xx_hal_rcc.o(i.HAL_RCC_GetHCLKFreq)
    HAL_RCC_GetPCLK1Freq                     0x0800180d   Thumb Code    20  stm32f0xx_hal_rcc.o(i.HAL_RCC_GetPCLK1Freq)
    HAL_RCC_GetSysClockFreq                  0x0800182d   Thumb Code    90  stm32f0xx_hal_rcc.o(i.HAL_RCC_GetSysClockFreq)
    HAL_RCC_OscConfig                        0x080018b5   Thumb Code   966  stm32f0xx_hal_rcc.o(i.HAL_RCC_OscConfig)
    HAL_SYSTICK_CLKSourceConfig              0x08001c8d   Thumb Code    20  stm32f0xx_hal_cortex.o(i.HAL_SYSTICK_CLKSourceConfig)
    HAL_SYSTICK_Callback                     0x08001ca5   Thumb Code     2  stm32f0xx_hal_cortex.o(i.HAL_SYSTICK_Callback)
    HAL_SYSTICK_Config                       0x08001ca9   Thumb Code    38  stm32f0xx_hal_cortex.o(i.HAL_SYSTICK_Config)
    HAL_SYSTICK_IRQHandler                   0x08001cd9   Thumb Code     8  stm32f0xx_hal_cortex.o(i.HAL_SYSTICK_IRQHandler)
    HAL_TIMEx_ConfigBreakDeadTime            0x08001ce1   Thumb Code    96  stm32f0xx_hal_tim_ex.o(i.HAL_TIMEx_ConfigBreakDeadTime)
    HAL_TIMEx_MasterConfigSynchronization    0x08001d41   Thumb Code    72  stm32f0xx_hal_tim_ex.o(i.HAL_TIMEx_MasterConfigSynchronization)
    HAL_TIM_Base_Init                        0x08001d89   Thumb Code    52  stm32f0xx_hal_tim.o(i.HAL_TIM_Base_Init)
    HAL_TIM_Base_MspInit                     0x08001dbd   Thumb Code    28  tim.o(i.HAL_TIM_Base_MspInit)
    HAL_TIM_ConfigClockSource                0x08001de1   Thumb Code   238  stm32f0xx_hal_tim.o(i.HAL_TIM_ConfigClockSource)
    HAL_TIM_Encoder_Init                     0x08001ed1   Thumb Code   144  stm32f0xx_hal_tim.o(i.HAL_TIM_Encoder_Init)
    HAL_TIM_Encoder_MspInit                  0x08001f69   Thumb Code    90  tim.o(i.HAL_TIM_Encoder_MspInit)
    HAL_TIM_Encoder_Start                    0x08001fcd   Thumb Code    52  stm32f0xx_hal_tim.o(i.HAL_TIM_Encoder_Start)
    HAL_TIM_MspPostInit                      0x08002001   Thumb Code    46  tim.o(i.HAL_TIM_MspPostInit)
    HAL_TIM_PWM_ConfigChannel                0x08002035   Thumb Code   208  stm32f0xx_hal_tim.o(i.HAL_TIM_PWM_ConfigChannel)
    HAL_TIM_PWM_Init                         0x08002105   Thumb Code    52  stm32f0xx_hal_tim.o(i.HAL_TIM_PWM_Init)
    HAL_TIM_PWM_MspInit                      0x08002139   Thumb Code     2  stm32f0xx_hal_tim.o(i.HAL_TIM_PWM_MspInit)
    HAL_TIM_PWM_Start                        0x0800213d   Thumb Code    62  stm32f0xx_hal_tim.o(i.HAL_TIM_PWM_Start)
    HAL_TIM_PWM_Stop                         0x0800218d   Thumb Code    96  stm32f0xx_hal_tim.o(i.HAL_TIM_PWM_Stop)
    HAL_UARTEx_WakeupCallback                0x08002201   Thumb Code     2  stm32f0xx_hal_uart_ex.o(i.HAL_UARTEx_WakeupCallback)
    HAL_UART_ErrorCallback                   0x08002203   Thumb Code     2  stm32f0xx_hal_uart.o(i.HAL_UART_ErrorCallback)
    HAL_UART_IRQHandler                      0x08002205   Thumb Code   304  stm32f0xx_hal_uart.o(i.HAL_UART_IRQHandler)
    HAL_UART_Init                            0x08002339   Thumb Code   108  stm32f0xx_hal_uart.o(i.HAL_UART_Init)
    HAL_UART_MspInit                         0x080023a5   Thumb Code   238  usart.o(i.HAL_UART_MspInit)
    HAL_UART_Receive_DMA                     0x080024bd   Thumb Code   150  stm32f0xx_hal_uart.o(i.HAL_UART_Receive_DMA)
    HAL_UART_RxCpltCallback                  0x08002561   Thumb Code   124  exti_usart1_bt.o(i.HAL_UART_RxCpltCallback)
    HAL_UART_RxHalfCpltCallback              0x080025fd   Thumb Code     2  stm32f0xx_hal_uart.o(i.HAL_UART_RxHalfCpltCallback)
    HAL_UART_Transmit                        0x080025ff   Thumb Code   200  stm32f0xx_hal_uart.o(i.HAL_UART_Transmit)
    HAL_UART_TxCpltCallback                  0x080026c7   Thumb Code     2  stm32f0xx_hal_uart.o(i.HAL_UART_TxCpltCallback)
    MPU6050_GET_DATA                         0x08002941   Thumb Code   188  mpu6050_get_data.o(i.MPU6050_GET_DATA)
    MX_DMA_Init                              0x08002a0d   Thumb Code    36  dma.o(i.MX_DMA_Init)
    MX_GPIO_Init                             0x08002a35   Thumb Code   190  gpio.o(i.MX_GPIO_Init)
    MX_I2C1_Init                             0x08002b09   Thumb Code    88  i2c.o(i.MX_I2C1_Init)
    MX_TIM1_Init                             0x08002b7d   Thumb Code   218  tim.o(i.MX_TIM1_Init)
    MX_TIM2_Init                             0x08002c75   Thumb Code    94  tim.o(i.MX_TIM2_Init)
    MX_TIM3_Init                             0x08002ced   Thumb Code    92  tim.o(i.MX_TIM3_Init)
    MX_USART1_UART_Init                      0x08002d65   Thumb Code    52  usart.o(i.MX_USART1_UART_Init)
    MX_USART2_UART_Init                      0x08002db1   Thumb Code    52  usart.o(i.MX_USART2_UART_Init)
    Read_Encoder                             0x08002e41   Thumb Code    20  encoder.o(i.Read_Encoder)
    Sensors_I2C_ReadRegister                 0x08002e5d   Thumb Code    32  inv_mpu.o(i.Sensors_I2C_ReadRegister)
    Sensors_I2C_WriteRegister                0x08002e85   Thumb Code    32  inv_mpu.o(i.Sensors_I2C_WriteRegister)
    Set_Pwm                                  0x08002ead   Thumb Code   262  exti_pd2_irqhandler.o(i.Set_Pwm)
    SysTick_Handler                          0x08002fc9   Thumb Code    12  stm32f0xx_it.o(i.SysTick_Handler)
    SystemClock_Config                       0x08002fd5   Thumb Code   118  main.o(i.SystemClock_Config)
    SystemInit                               0x0800304d   Thumb Code    76  system_stm32f0xx.o(i.SystemInit)
    TIM_Base_SetConfig                       0x080030a9   Thumb Code   124  stm32f0xx_hal_tim.o(i.TIM_Base_SetConfig)
    TIM_CCxChannelCmd                        0x0800313d   Thumb Code    22  stm32f0xx_hal_tim.o(i.TIM_CCxChannelCmd)
    TIM_ETR_SetConfig                        0x08003153   Thumb Code    22  stm32f0xx_hal_tim.o(i.TIM_ETR_SetConfig)
    TIM_OC2_SetConfig                        0x08003201   Thumb Code   110  stm32f0xx_hal_tim.o(i.TIM_OC2_SetConfig)
    UART_AdvFeatureConfig                    0x080033b9   Thumb Code   202  stm32f0xx_hal_uart.o(i.UART_AdvFeatureConfig)
    UART_CheckIdleState                      0x08003485   Thumb Code   102  stm32f0xx_hal_uart.o(i.UART_CheckIdleState)
    UART_EndTransmit_IT                      0x080035bf   Thumb Code    26  stm32f0xx_hal_uart.o(i.UART_EndTransmit_IT)
    UART_Receive_IT                          0x080035eb   Thumb Code   122  stm32f0xx_hal_uart.o(i.UART_Receive_IT)
    UART_SetConfig                           0x08003665   Thumb Code   316  stm32f0xx_hal_uart.o(i.UART_SetConfig)
    UART_Transmit_IT                         0x080037c1   Thumb Code   102  stm32f0xx_hal_uart.o(i.UART_Transmit_IT)
    UART_WaitOnFlagUntilTimeout              0x08003827   Thumb Code    98  stm32f0xx_hal_uart.o(i.UART_WaitOnFlagUntilTimeout)
    USART1_IRQHandler                        0x08003889   Thumb Code    10  stm32f0xx_it.o(i.USART1_IRQHandler)
    _Error_Handler                           0x08003899   Thumb Code     2  main.o(i._Error_Handler)
    __0printf                                0x0800389d   Thumb Code    24  printfa.o(i.__0printf)
    __1printf                                0x0800389d   Thumb Code     0  printfa.o(i.__0printf)
    __2printf                                0x0800389d   Thumb Code     0  printfa.o(i.__0printf)
    __c89printf                              0x0800389d   Thumb Code     0  printfa.o(i.__0printf)
    printf                                   0x0800389d   Thumb Code     0  printfa.o(i.__0printf)
    __ARM_clz                                0x080038bd   Thumb Code    46  depilogue.o(i.__ARM_clz)
    __ARM_common_ll_mulss                    0x080038eb   Thumb Code    48  inv_mpu_dmp_motion_driver.o(i.__ARM_common_ll_mulss)
    __ARM_common_switch8                     0x0800391b   Thumb Code    26  stm32f0xx_hal_dma.o(i.__ARM_common_switch8)
    __ARM_fpclassify                         0x08003935   Thumb Code    40  fpclassify.o(i.__ARM_fpclassify)
    __kernel_poly                            0x08003961   Thumb Code   172  poly.o(i.__kernel_poly)
    __mathlib_dbl_infnan                     0x08003a0d   Thumb Code    10  dunder.o(i.__mathlib_dbl_infnan)
    __mathlib_dbl_invalid                    0x08003a17   Thumb Code    16  dunder.o(i.__mathlib_dbl_invalid)
    __mathlib_dbl_underflow                  0x08003a29   Thumb Code    14  dunder.o(i.__mathlib_dbl_underflow)
    __scatterload_copy                       0x08003a3d   Thumb Code    14  handlers.o(i.__scatterload_copy)
    __scatterload_null                       0x08003a4b   Thumb Code     2  handlers.o(i.__scatterload_null)
    __scatterload_zeroinit                   0x08003a4d   Thumb Code    14  handlers.o(i.__scatterload_zeroinit)
    __set_errno                              0x08003a5d   Thumb Code     6  errno.o(i.__set_errno)
    asin                                     0x08004389   Thumb Code   574  asin.o(i.asin)
    balance                                  0x080045fd   Thumb Code    70  exti_pd2_irqhandler.o(i.balance)
    dmp_enable_6x_lp_quat                    0x08004651   Thumb Code    52  inv_mpu_dmp_motion_driver.o(i.dmp_enable_6x_lp_quat)
    dmp_enable_feature                       0x08004689   Thumb Code   414  inv_mpu_dmp_motion_driver.o(i.dmp_enable_feature)
    dmp_enable_gyro_cal                      0x0800483d   Thumb Code    38  inv_mpu_dmp_motion_driver.o(i.dmp_enable_gyro_cal)
    dmp_enable_lp_quat                       0x0800487d   Thumb Code    52  inv_mpu_dmp_motion_driver.o(i.dmp_enable_lp_quat)
    dmp_load_motion_driver_firmware          0x080048b5   Thumb Code    18  inv_mpu_dmp_motion_driver.o(i.dmp_load_motion_driver_firmware)
    dmp_read_fifo                            0x080048d1   Thumb Code   344  inv_mpu_dmp_motion_driver.o(i.dmp_read_fifo)
    dmp_set_fifo_rate                        0x08004a31   Thumb Code    82  inv_mpu_dmp_motion_driver.o(i.dmp_set_fifo_rate)
    dmp_set_interrupt_mode                   0x08004a9d   Thumb Code    58  inv_mpu_dmp_motion_driver.o(i.dmp_set_interrupt_mode)
    dmp_set_orientation                      0x08004af5   Thumb Code   214  inv_mpu_dmp_motion_driver.o(i.dmp_set_orientation)
    dmp_set_shake_reject_thresh              0x08004be5   Thumb Code    44  inv_mpu_dmp_motion_driver.o(i.dmp_set_shake_reject_thresh)
    dmp_set_shake_reject_time                0x08004c11   Thumb Code    30  inv_mpu_dmp_motion_driver.o(i.dmp_set_shake_reject_time)
    dmp_set_shake_reject_timeout             0x08004c2f   Thumb Code    30  inv_mpu_dmp_motion_driver.o(i.dmp_set_shake_reject_timeout)
    dmp_set_tap_axes                         0x08004c4d   Thumb Code    54  inv_mpu_dmp_motion_driver.o(i.dmp_set_tap_axes)
    dmp_set_tap_count                        0x08004c83   Thumb Code    36  inv_mpu_dmp_motion_driver.o(i.dmp_set_tap_count)
    dmp_set_tap_thresh                       0x08004ca9   Thumb Code   280  inv_mpu_dmp_motion_driver.o(i.dmp_set_tap_thresh)
    dmp_set_tap_time                         0x08004dd9   Thumb Code    30  inv_mpu_dmp_motion_driver.o(i.dmp_set_tap_time)
    dmp_set_tap_time_multi                   0x08004df7   Thumb Code    30  inv_mpu_dmp_motion_driver.o(i.dmp_set_tap_time_multi)
    fputc                                    0x08004e15   Thumb Code    18  override_printf_&_scanf.o(i.fputc)
    inv_apply_calibration                    0x080052d9   Thumb Code   106  data_builder.o(i.inv_apply_calibration)
    inv_convert_to_body_with_scale           0x08005345   Thumb Code    94  ml_math_func.o(i.inv_convert_to_body_with_scale)
    inv_orientation_matrix_to_scalar         0x080053a9   Thumb Code    34  ml_math_func.o(i.inv_orientation_matrix_to_scalar)
    inv_q30_mult                             0x080053cb   Thumb Code    14  ml_math_func.o(i.inv_q30_mult)
    inv_set_accel_bias                       0x08005419   Thumb Code    60  data_builder.o(i.inv_set_accel_bias)
    inv_set_accel_orientation_and_scale      0x08005459   Thumb Code     8  data_builder.o(i.inv_set_accel_orientation_and_scale)
    inv_set_accel_sample_rate                0x08005465   Thumb Code    38  data_builder.o(i.inv_set_accel_sample_rate)
    inv_set_gyro_bias                        0x08005495   Thumb Code    80  data_builder.o(i.inv_set_gyro_bias)
    inv_set_gyro_orientation_and_scale       0x080054e9   Thumb Code     8  data_builder.o(i.inv_set_gyro_orientation_and_scale)
    inv_set_gyro_sample_rate                 0x080054f5   Thumb Code    36  data_builder.o(i.inv_set_gyro_sample_rate)
    inv_set_message                          0x08005521   Thumb Code    16  message_layer.o(i.inv_set_message)
    main                                     0x08005535   Thumb Code    62  main.o(i.main)
    mpu_configure_fifo                       0x08005575   Thumb Code    86  inv_mpu.o(i.mpu_configure_fifo)
    mpu_get_accel_fsr                        0x080055d1   Thumb Code    58  inv_mpu.o(i.mpu_get_accel_fsr)
    mpu_get_accel_sens                       0x08005611   Thumb Code    66  inv_mpu.o(i.mpu_get_accel_sens)
    mpu_get_gyro_fsr                         0x08005659   Thumb Code    50  inv_mpu.o(i.mpu_get_gyro_fsr)
    mpu_get_gyro_sens                        0x08005691   Thumb Code    46  inv_mpu.o(i.mpu_get_gyro_sens)
    mpu_get_lpf                              0x080056d5   Thumb Code    54  inv_mpu.o(i.mpu_get_lpf)
    mpu_get_sample_rate                      0x08005711   Thumb Code    26  inv_mpu.o(i.mpu_get_sample_rate)
    mpu_init                                 0x08005731   Thumb Code   190  inv_mpu.o(i.mpu_init)
    mpu_load_firmware                        0x080057f5   Thumb Code   152  inv_mpu.o(i.mpu_load_firmware)
    mpu_lp_accel_mode                        0x08005891   Thumb Code   162  inv_mpu.o(i.mpu_lp_accel_mode)
    mpu_read_fifo_stream                     0x08005939   Thumb Code   152  inv_mpu.o(i.mpu_read_fifo_stream)
    mpu_read_mem                             0x080059d5   Thumb Code    80  inv_mpu.o(i.mpu_read_mem)
    mpu_reset_fifo                           0x08005a2d   Thumb Code   358  inv_mpu.o(i.mpu_reset_fifo)
    mpu_run_self_test                        0x08005b99   Thumb Code   246  inv_mpu.o(i.mpu_run_self_test)
    mpu_set_accel_fsr                        0x08005c95   Thumb Code   100  inv_mpu.o(i.mpu_set_accel_fsr)
    mpu_set_bypass                           0x08005cfd   Thumb Code   216  inv_mpu.o(i.mpu_set_bypass)
    mpu_set_dmp_state                        0x08005dd9   Thumb Code   114  inv_mpu.o(i.mpu_set_dmp_state)
    mpu_set_gyro_fsr                         0x08005e51   Thumb Code   106  inv_mpu.o(i.mpu_set_gyro_fsr)
    mpu_set_int_latched                      0x08005ec1   Thumb Code   100  inv_mpu.o(i.mpu_set_int_latched)
    mpu_set_lpf                              0x08005f29   Thumb Code   104  inv_mpu.o(i.mpu_set_lpf)
    mpu_set_sample_rate                      0x08005f95   Thumb Code   142  inv_mpu.o(i.mpu_set_sample_rate)
    mpu_set_sensors                          0x08006029   Thumb Code   184  inv_mpu.o(i.mpu_set_sensors)
    mpu_start                                0x080060e5   Thumb Code  1510  mpu6050_set_init.o(i.mpu_start)
    mpu_write_mem                            0x08006811   Thumb Code    80  inv_mpu.o(i.mpu_write_mem)
    self_balancing_robot_main_Init           0x08006a29   Thumb Code   142  self-balancing-robot_main_init.o(i.self_balancing_robot_main_Init)
    sqrt                                     0x08006b35   Thumb Code    66  sqrt.o(i.sqrt)
    turn                                     0x08006b7d   Thumb Code   296  exti_pd2_irqhandler.o(i.turn)
    velocity                                 0x08006cc5   Thumb Code   166  exti_pd2_irqhandler.o(i.velocity)
    reg                                      0x08006d88   Data          30  inv_mpu.o(.constdata)
    hw                                       0x08006da6   Data          12  inv_mpu.o(.constdata)
    test                                     0x08006db4   Data          40  inv_mpu.o(.constdata)
    AHBPrescTable                            0x080079d2   Data          16  system_stm32f0xx.o(.constdata)
    APBPrescTable                            0x080079e2   Data           8  system_stm32f0xx.o(.constdata)
    Region$$Table$$Base                      0x08007b60   Number         0  anon$$obj.o(Region$$Table)
    Region$$Table$$Limit                     0x08007b80   Number         0  anon$$obj.o(Region$$Table)
    uwTick                                   0x20000000   Data           4  stm32f0xx_hal.o(.data)
    accel_fsr                                0x20000004   Data           1  mpu6050_set_init.o(.data)
    gyro_rate                                0x20000006   Data           2  mpu6050_set_init.o(.data)
    gyro_fsr                                 0x20000008   Data           2  mpu6050_set_init.o(.data)
    more                                     0x20000018   Data           1  mpu6050_get_data.o(.data)
    sensors                                  0x2000001a   Data           2  mpu6050_get_data.o(.data)
    sensor_timestamp                         0x2000001c   Data           4  mpu6050_get_data.o(.data)
    temperature                              0x20000020   Data           4  mpu6050_get_data.o(.data)
    gyro                                     0x20000024   Data           6  mpu6050_get_data.o(.data)
    accel_short                              0x2000002a   Data           6  mpu6050_get_data.o(.data)
    q0                                       0x20000030   Data           8  mpu6050_get_data.o(.data)
    q1                                       0x20000038   Data           8  mpu6050_get_data.o(.data)
    q2                                       0x20000040   Data           8  mpu6050_get_data.o(.data)
    q3                                       0x20000048   Data           8  mpu6050_get_data.o(.data)
    Pitch                                    0x20000050   Data           8  mpu6050_get_data.o(.data)
    Encoder_Left                             0x200000ac   Data           4  exti_pd2_irqhandler.o(.data)
    Encoder_Right                            0x200000b0   Data           4  exti_pd2_irqhandler.o(.data)
    Balance_Pwm                              0x200000b4   Data           4  exti_pd2_irqhandler.o(.data)
    Velocity_Pwm                             0x200000b8   Data           4  exti_pd2_irqhandler.o(.data)
    Turn_Pwm                                 0x200000bc   Data           4  exti_pd2_irqhandler.o(.data)
    Motor_Left_PWM                           0x200000c0   Data           4  exti_pd2_irqhandler.o(.data)
    Motor_Right_PWM                          0x200000c4   Data           4  exti_pd2_irqhandler.o(.data)
    error_motor_L                            0x200000c8   Data           4  exti_pd2_irqhandler.o(.data)
    error_motor_R                            0x200000cc   Data           4  exti_pd2_irqhandler.o(.data)
    Balance_Kp                               0x200000d0   Data           8  exti_pd2_irqhandler.o(.data)
    Balance_Kd                               0x200000d8   Data           8  exti_pd2_irqhandler.o(.data)
    Velocity_Kp                              0x200000e0   Data           8  exti_pd2_irqhandler.o(.data)
    Velocity_Ki                              0x200000e8   Data           8  exti_pd2_irqhandler.o(.data)
    Kp                                       0x200000f0   Data           8  exti_pd2_irqhandler.o(.data)
    Kd                                       0x200000f8   Data           8  exti_pd2_irqhandler.o(.data)
    Angle_Balance                            0x20000100   Data           8  exti_pd2_irqhandler.o(.data)
    Gyro_Balance                             0x20000108   Data           8  exti_pd2_irqhandler.o(.data)
    Gyro_Turn                                0x20000110   Data           8  exti_pd2_irqhandler.o(.data)
    Acceleration_Z                           0x20000118   Data           8  exti_pd2_irqhandler.o(.data)
    aRxBuffer1                               0x20000120   Data           1  self-balancing-robot_main_init.o(.data)
    Movement                                 0x20000128   Data           8  exti_usart1_bt.o(.data)
    Turn_Amplitude                           0x20000130   Data           8  exti_usart1_bt.o(.data)
    SystemCoreClock                          0x20000138   Data           4  system_stm32f0xx.o(.data)
    __stdout                                 0x2000013c   Data           4  stdout.o(.data)
    quat                                     0x20000144   Data          16  mpu6050_get_data.o(.bss)
    htim1                                    0x20000478   Data          64  tim.o(.bss)
    htim2                                    0x200004b8   Data          64  tim.o(.bss)
    htim3                                    0x200004f8   Data          64  tim.o(.bss)
    hi2c1                                    0x20000538   Data          76  i2c.o(.bss)
    huart1                                   0x20000584   Data         112  usart.o(.bss)
    huart2                                   0x200005f4   Data         112  usart.o(.bss)
    hdma_usart1_rx                           0x20000664   Data          68  usart.o(.bss)
    hdma_usart1_tx                           0x200006a8   Data          68  usart.o(.bss)
    sConfigOC                                0x200006ec   Data          28  self-balancing-robot_main_init.o(.bss)
    __initial_sp                             0x20000b08   Data           0  startup_stm32f072xb.o(STACK)



==============================================================================

Memory Map of the image

  Image Entry point : 0x080000c1

  Load Region LR_IROM1 (Base: 0x08000000, Size: 0x00007cc4, Max: 0x00020000, ABSOLUTE, COMPRESSED[0x00007bb4])

    Execution Region ER_IROM1 (Exec base: 0x08000000, Load base: 0x08000000, Size: 0x00007b80, Max: 0x00020000, ABSOLUTE)

    Exec Addr    Load Addr    Size         Type   Attr      Idx    E Section Name        Object

    0x08000000   0x08000000   0x000000c0   Data   RO            3    RESET               startup_stm32f072xb.o
    0x080000c0   0x080000c0   0x00000000   Code   RO         5543  * .ARM.Collect$$$$00000000  mc_p.l(entry.o)
    0x080000c0   0x080000c0   0x00000004   Code   RO         5920    .ARM.Collect$$$$00000001  mc_p.l(entry2.o)
    0x080000c4   0x080000c4   0x00000004   Code   RO         5923    .ARM.Collect$$$$00000004  mc_p.l(entry5.o)
    0x080000c8   0x080000c8   0x00000000   Code   RO         5925    .ARM.Collect$$$$00000008  mc_p.l(entry7b.o)
    0x080000c8   0x080000c8   0x00000000   Code   RO         5927    .ARM.Collect$$$$0000000A  mc_p.l(entry8b.o)
    0x080000c8   0x080000c8   0x00000008   Code   RO         5928    .ARM.Collect$$$$0000000B  mc_p.l(entry9a.o)
    0x080000d0   0x080000d0   0x00000000   Code   RO         5930    .ARM.Collect$$$$0000000D  mc_p.l(entry10a.o)
    0x080000d0   0x080000d0   0x00000000   Code   RO         5932    .ARM.Collect$$$$0000000F  mc_p.l(entry11a.o)
    0x080000d0   0x080000d0   0x00000004   Code   RO         5921    .ARM.Collect$$$$00002712  mc_p.l(entry2.o)
    0x080000d4   0x080000d4   0x0000001c   Code   RO            4    .text               startup_stm32f072xb.o
    0x080000f0   0x080000f0   0x0000002c   Code   RO         5546    .text               mc_p.l(uidiv.o)
    0x0800011c   0x0800011c   0x00000028   Code   RO         5548    .text               mc_p.l(idiv.o)
    0x08000144   0x08000144   0x0000004c   Code   RO         5550    .text               mc_p.l(ldiv.o)
    0x08000190   0x08000190   0x00000022   Code   RO         5554    .text               mc_p.l(llushr.o)
    0x080001b2   0x080001b2   0x00000026   Code   RO         5556    .text               mc_p.l(llsshr.o)
    0x080001d8   0x080001d8   0x00000024   Code   RO         5562    .text               mc_p.l(memseta.o)
    0x080001fc   0x080001fc   0x0000001a   Code   RO         5564    .text               mc_p.l(memcmp.o)
    0x08000216   0x08000216   0x000000b2   Code   RO         5833    .text               mf_p.l(fadd.o)
    0x080002c8   0x080002c8   0x0000007a   Code   RO         5835    .text               mf_p.l(fmul.o)
    0x08000342   0x08000342   0x0000007c   Code   RO         5837    .text               mf_p.l(fdiv.o)
    0x080003be   0x080003be   0x00000018   Code   RO         5839    .text               mf_p.l(fscalb.o)
    0x080003d6   0x080003d6   0x00000002   PAD
    0x080003d8   0x080003d8   0x00000164   Code   RO         5841    .text               mf_p.l(dadd.o)
    0x0800053c   0x0800053c   0x000000d0   Code   RO         5843    .text               mf_p.l(dmul.o)
    0x0800060c   0x0800060c   0x000000f0   Code   RO         5845    .text               mf_p.l(ddiv.o)
    0x080006fc   0x080006fc   0x0000002c   Code   RO         5847    .text               mf_p.l(dscalb.o)
    0x08000728   0x08000728   0x00000016   Code   RO         5849    .text               mf_p.l(fflti.o)
    0x0800073e   0x0800073e   0x0000000e   Code   RO         5851    .text               mf_p.l(ffltui.o)
    0x0800074c   0x0800074c   0x00000028   Code   RO         5853    .text               mf_p.l(dflti.o)
    0x08000774   0x08000774   0x00000032   Code   RO         5855    .text               mf_p.l(ffixi.o)
    0x080007a6   0x080007a6   0x00000028   Code   RO         5857    .text               mf_p.l(ffixui.o)
    0x080007ce   0x080007ce   0x00000002   PAD
    0x080007d0   0x080007d0   0x00000048   Code   RO         5859    .text               mf_p.l(dfixi.o)
    0x08000818   0x08000818   0x00000028   Code   RO         5861    .text               mf_p.l(f2d.o)
    0x08000840   0x08000840   0x00000028   Code   RO         5863    .text               mf_p.l(cdcmple.o)
    0x08000868   0x08000868   0x00000028   Code   RO         5865    .text               mf_p.l(cdrcmple.o)
    0x08000890   0x08000890   0x00000038   Code   RO         5867    .text               mf_p.l(d2f.o)
    0x080008c8   0x080008c8   0x00000060   Code   RO         5935    .text               mc_p.l(uldiv.o)
    0x08000928   0x08000928   0x00000020   Code   RO         5937    .text               mc_p.l(llshl.o)
    0x08000948   0x08000948   0x00000000   Code   RO         5946    .text               mc_p.l(iusefp.o)
    0x08000948   0x08000948   0x00000082   Code   RO         5947    .text               mf_p.l(fepilogue.o)
    0x080009ca   0x080009ca   0x000000be   Code   RO         5951    .text               mf_p.l(depilogue.o)
    0x08000a88   0x08000a88   0x000000a2   Code   RO         5955    .text               mf_p.l(dsqrt.o)
    0x08000b2a   0x08000b2a   0x00000002   PAD
    0x08000b2c   0x08000b2c   0x00000040   Code   RO         5957    .text               mf_p.l(dfixul.o)
    0x08000b6c   0x08000b6c   0x00000024   Code   RO         5959    .text               mc_p.l(init.o)
    0x08000b90   0x08000b90   0x00000056   Code   RO         5971    .text               mc_p.l(__dczerorl2.o)
    0x08000be6   0x08000be6   0x00000002   PAD
    0x08000be8   0x08000be8   0x00000018   Code   RO         5102    i.DMA1_Channel2_3_IRQHandler  stm32f0xx_it.o
    0x08000c00   0x08000c00   0x00000024   Code   RO          366    i.DMA_CalcBaseAndBitshift  stm32f0xx_hal_dma.o
    0x08000c24   0x08000c24   0x00000028   Code   RO          367    i.DMA_SetConfig     stm32f0xx_hal_dma.o
    0x08000c4c   0x08000c4c   0x0000000a   Code   RO         5103    i.EXTI2_3_IRQHandler  stm32f0xx_it.o
    0x08000c56   0x08000c56   0x0000000c   Code   RO         5104    i.EXTI4_15_IRQHandler  stm32f0xx_it.o
    0x08000c62   0x08000c62   0x00000048   Code   RO          369    i.HAL_DMA_Abort_IT  stm32f0xx_hal_dma.o
    0x08000caa   0x08000caa   0x0000009c   Code   RO          373    i.HAL_DMA_IRQHandler  stm32f0xx_hal_dma.o
    0x08000d46   0x08000d46   0x00000002   PAD
    0x08000d48   0x08000d48   0x00000058   Code   RO          374    i.HAL_DMA_Init      stm32f0xx_hal_dma.o
    0x08000da0   0x08000da0   0x0000006a   Code   RO          378    i.HAL_DMA_Start_IT  stm32f0xx_hal_dma.o
    0x08000e0a   0x08000e0a   0x0000001c   Code   RO         2632    i.HAL_Delay         stm32f0xx_hal.o
    0x08000e26   0x08000e26   0x00000002   PAD
    0x08000e28   0x08000e28   0x000000cc   Code   RO         5233    i.HAL_GPIO_EXTI_Callback  exti_pd2_irqhandler.o
    0x08000ef4   0x08000ef4   0x00000018   Code   RO         2465    i.HAL_GPIO_EXTI_IRQHandler  stm32f0xx_hal_gpio.o
    0x08000f0c   0x08000f0c   0x00000158   Code   RO         2466    i.HAL_GPIO_Init     stm32f0xx_hal_gpio.o
    0x08001064   0x08001064   0x0000000c   Code   RO         2470    i.HAL_GPIO_WritePin  stm32f0xx_hal_gpio.o
    0x08001070   0x08001070   0x0000000c   Code   RO         2636    i.HAL_GetTick       stm32f0xx_hal.o
    0x0800107c   0x0800107c   0x0000004a   Code   RO         2768    i.HAL_I2CEx_ConfigAnalogFilter  stm32f0xx_hal_i2c_ex.o
    0x080010c6   0x080010c6   0x00000048   Code   RO         2769    i.HAL_I2CEx_ConfigDigitalFilter  stm32f0xx_hal_i2c_ex.o
    0x0800110e   0x0800110e   0x00000002   PAD
    0x08001110   0x08001110   0x000000b4   Code   RO          654    i.HAL_I2C_Init      stm32f0xx_hal_i2c.o
    0x080011c4   0x080011c4   0x00000158   Code   RO          670    i.HAL_I2C_Mem_Read  stm32f0xx_hal_i2c.o
    0x0800131c   0x0800131c   0x00000154   Code   RO          673    i.HAL_I2C_Mem_Write  stm32f0xx_hal_i2c.o
    0x08001470   0x08001470   0x0000004c   Code   RO         5013    i.HAL_I2C_MspInit   i2c.o
    0x080014bc   0x080014bc   0x00000010   Code   RO         2640    i.HAL_IncTick       stm32f0xx_hal.o
    0x080014cc   0x080014cc   0x00000020   Code   RO         2641    i.HAL_Init          stm32f0xx_hal.o
    0x080014ec   0x080014ec   0x00000022   Code   RO         2642    i.HAL_InitTick      stm32f0xx_hal.o
    0x0800150e   0x0800150e   0x00000002   PAD
    0x08001510   0x08001510   0x00000038   Code   RO         5154    i.HAL_MspInit       stm32f0xx_hal_msp.o
    0x08001548   0x08001548   0x00000014   Code   RO         2529    i.HAL_NVIC_ClearPendingIRQ  stm32f0xx_hal_cortex.o
    0x0800155c   0x0800155c   0x00000014   Code   RO         2530    i.HAL_NVIC_DisableIRQ  stm32f0xx_hal_cortex.o
    0x08001570   0x08001570   0x00000014   Code   RO         2531    i.HAL_NVIC_EnableIRQ  stm32f0xx_hal_cortex.o
    0x08001584   0x08001584   0x00000008   Code   RO         2535    i.HAL_NVIC_SetPriority  stm32f0xx_hal_cortex.o
    0x0800158c   0x0800158c   0x00000120   Code   RO          184    i.HAL_RCCEx_PeriphCLKConfig  stm32f0xx_hal_rcc_ex.o
    0x080016ac   0x080016ac   0x00000154   Code   RO         2368    i.HAL_RCC_ClockConfig  stm32f0xx_hal_rcc.o
    0x08001800   0x08001800   0x0000000c   Code   RO         2373    i.HAL_RCC_GetHCLKFreq  stm32f0xx_hal_rcc.o
    0x0800180c   0x0800180c   0x00000020   Code   RO         2375    i.HAL_RCC_GetPCLK1Freq  stm32f0xx_hal_rcc.o
    0x0800182c   0x0800182c   0x00000088   Code   RO         2376    i.HAL_RCC_GetSysClockFreq  stm32f0xx_hal_rcc.o
    0x080018b4   0x080018b4   0x000003d8   Code   RO         2379    i.HAL_RCC_OscConfig  stm32f0xx_hal_rcc.o
    0x08001c8c   0x08001c8c   0x00000018   Code   RO         2537    i.HAL_SYSTICK_CLKSourceConfig  stm32f0xx_hal_cortex.o
    0x08001ca4   0x08001ca4   0x00000002   Code   RO         2538    i.HAL_SYSTICK_Callback  stm32f0xx_hal_cortex.o
    0x08001ca6   0x08001ca6   0x00000002   PAD
    0x08001ca8   0x08001ca8   0x00000030   Code   RO         2539    i.HAL_SYSTICK_Config  stm32f0xx_hal_cortex.o
    0x08001cd8   0x08001cd8   0x00000008   Code   RO         2540    i.HAL_SYSTICK_IRQHandler  stm32f0xx_hal_cortex.o
    0x08001ce0   0x08001ce0   0x00000060   Code   RO         1481    i.HAL_TIMEx_ConfigBreakDeadTime  stm32f0xx_hal_tim_ex.o
    0x08001d40   0x08001d40   0x00000048   Code   RO         1496    i.HAL_TIMEx_MasterConfigSynchronization  stm32f0xx_hal_tim_ex.o
    0x08001d88   0x08001d88   0x00000034   Code   RO         1726    i.HAL_TIM_Base_Init  stm32f0xx_hal_tim.o
    0x08001dbc   0x08001dbc   0x00000024   Code   RO         4887    i.HAL_TIM_Base_MspInit  tim.o
    0x08001de0   0x08001de0   0x000000ee   Code   RO         1735    i.HAL_TIM_ConfigClockSource  stm32f0xx_hal_tim.o
    0x08001ece   0x08001ece   0x00000002   PAD
    0x08001ed0   0x08001ed0   0x00000098   Code   RO         1746    i.HAL_TIM_Encoder_Init  stm32f0xx_hal_tim.o
    0x08001f68   0x08001f68   0x00000064   Code   RO         4889    i.HAL_TIM_Encoder_MspInit  tim.o
    0x08001fcc   0x08001fcc   0x00000034   Code   RO         1749    i.HAL_TIM_Encoder_Start  stm32f0xx_hal_tim.o
    0x08002000   0x08002000   0x00000034   Code   RO         4890    i.HAL_TIM_MspPostInit  tim.o
    0x08002034   0x08002034   0x000000d0   Code   RO         1794    i.HAL_TIM_PWM_ConfigChannel  stm32f0xx_hal_tim.o
    0x08002104   0x08002104   0x00000034   Code   RO         1797    i.HAL_TIM_PWM_Init  stm32f0xx_hal_tim.o
    0x08002138   0x08002138   0x00000002   Code   RO         1799    i.HAL_TIM_PWM_MspInit  stm32f0xx_hal_tim.o
    0x0800213a   0x0800213a   0x00000002   PAD
    0x0800213c   0x0800213c   0x00000050   Code   RO         1801    i.HAL_TIM_PWM_Start  stm32f0xx_hal_tim.o
    0x0800218c   0x0800218c   0x00000074   Code   RO         1804    i.HAL_TIM_PWM_Stop  stm32f0xx_hal_tim.o
    0x08002200   0x08002200   0x00000002   Code   RO         1420    i.HAL_UARTEx_WakeupCallback  stm32f0xx_hal_uart_ex.o
    0x08002202   0x08002202   0x00000002   Code   RO         1091    i.HAL_UART_ErrorCallback  stm32f0xx_hal_uart.o
    0x08002204   0x08002204   0x00000134   Code   RO         1094    i.HAL_UART_IRQHandler  stm32f0xx_hal_uart.o
    0x08002338   0x08002338   0x0000006c   Code   RO         1095    i.HAL_UART_Init     stm32f0xx_hal_uart.o
    0x080023a4   0x080023a4   0x00000118   Code   RO         5055    i.HAL_UART_MspInit  usart.o
    0x080024bc   0x080024bc   0x000000a4   Code   RO         1099    i.HAL_UART_Receive_DMA  stm32f0xx_hal_uart.o
    0x08002560   0x08002560   0x0000009c   Code   RO         5341    i.HAL_UART_RxCpltCallback  exti_usart1_bt.o
    0x080025fc   0x080025fc   0x00000002   Code   RO         1102    i.HAL_UART_RxHalfCpltCallback  stm32f0xx_hal_uart.o
    0x080025fe   0x080025fe   0x000000c8   Code   RO         1103    i.HAL_UART_Transmit  stm32f0xx_hal_uart.o
    0x080026c6   0x080026c6   0x00000002   Code   RO         1106    i.HAL_UART_TxCpltCallback  stm32f0xx_hal_uart.o
    0x080026c8   0x080026c8   0x00000022   Code   RO          696    i.I2C_Flush_TXDR    stm32f0xx_hal_i2c.o
    0x080026ea   0x080026ea   0x00000002   PAD
    0x080026ec   0x080026ec   0x00000074   Code   RO          704    i.I2C_IsAcknowledgeFailed  stm32f0xx_hal_i2c.o
    0x08002760   0x08002760   0x0000006a   Code   RO          707    i.I2C_RequestMemoryRead  stm32f0xx_hal_i2c.o
    0x080027ca   0x080027ca   0x0000006a   Code   RO          708    i.I2C_RequestMemoryWrite  stm32f0xx_hal_i2c.o
    0x08002834   0x08002834   0x00000024   Code   RO          711    i.I2C_TransferConfig  stm32f0xx_hal_i2c.o
    0x08002858   0x08002858   0x00000048   Code   RO          712    i.I2C_WaitOnFlagUntilTimeout  stm32f0xx_hal_i2c.o
    0x080028a0   0x080028a0   0x0000004e   Code   RO          714    i.I2C_WaitOnSTOPFlagUntilTimeout  stm32f0xx_hal_i2c.o
    0x080028ee   0x080028ee   0x00000052   Code   RO          715    i.I2C_WaitOnTXISFlagUntilTimeout  stm32f0xx_hal_i2c.o
    0x08002940   0x08002940   0x000000cc   Code   RO         2952    i.MPU6050_GET_DATA  mpu6050_get_data.o
    0x08002a0c   0x08002a0c   0x00000028   Code   RO         5369    i.MX_DMA_Init       dma.o
    0x08002a34   0x08002a34   0x000000d4   Code   RO         5178    i.MX_GPIO_Init      gpio.o
    0x08002b08   0x08002b08   0x00000074   Code   RO         5014    i.MX_I2C1_Init      i2c.o
    0x08002b7c   0x08002b7c   0x000000f8   Code   RO         4891    i.MX_TIM1_Init      tim.o
    0x08002c74   0x08002c74   0x00000078   Code   RO         4892    i.MX_TIM2_Init      tim.o
    0x08002cec   0x08002cec   0x00000078   Code   RO         4893    i.MX_TIM3_Init      tim.o
    0x08002d64   0x08002d64   0x0000004c   Code   RO         5056    i.MX_USART1_UART_Init  usart.o
    0x08002db0   0x08002db0   0x0000004c   Code   RO         5057    i.MX_USART2_UART_Init  usart.o
    0x08002dfc   0x08002dfc   0x00000044   Code   RO         2541    i.NVIC_SetPriority  stm32f0xx_hal_cortex.o
    0x08002e40   0x08002e40   0x0000001c   Code   RO         5317    i.Read_Encoder      encoder.o
    0x08002e5c   0x08002e5c   0x00000028   Code   RO         2989    i.Sensors_I2C_ReadRegister  inv_mpu.o
    0x08002e84   0x08002e84   0x00000028   Code   RO         2990    i.Sensors_I2C_WriteRegister  inv_mpu.o
    0x08002eac   0x08002eac   0x0000011c   Code   RO         5234    i.Set_Pwm           exti_pd2_irqhandler.o
    0x08002fc8   0x08002fc8   0x0000000c   Code   RO         5105    i.SysTick_Handler   stm32f0xx_it.o
    0x08002fd4   0x08002fd4   0x00000076   Code   RO         4961    i.SystemClock_Config  main.o
    0x0800304a   0x0800304a   0x00000002   PAD
    0x0800304c   0x0800304c   0x0000005c   Code   RO         5394    i.SystemInit        system_stm32f0xx.o
    0x080030a8   0x080030a8   0x00000094   Code   RO         1812    i.TIM_Base_SetConfig  stm32f0xx_hal_tim.o
    0x0800313c   0x0800313c   0x00000016   Code   RO         1813    i.TIM_CCxChannelCmd  stm32f0xx_hal_tim.o
    0x08003152   0x08003152   0x00000016   Code   RO         1819    i.TIM_ETR_SetConfig  stm32f0xx_hal_tim.o
    0x08003168   0x08003168   0x00000010   Code   RO         1820    i.TIM_ITRx_SetConfig  stm32f0xx_hal_tim.o
    0x08003178   0x08003178   0x00000088   Code   RO         1821    i.TIM_OC1_SetConfig  stm32f0xx_hal_tim.o
    0x08003200   0x08003200   0x00000080   Code   RO         1822    i.TIM_OC2_SetConfig  stm32f0xx_hal_tim.o
    0x08003280   0x08003280   0x00000084   Code   RO         1823    i.TIM_OC3_SetConfig  stm32f0xx_hal_tim.o
    0x08003304   0x08003304   0x0000006c   Code   RO         1824    i.TIM_OC4_SetConfig  stm32f0xx_hal_tim.o
    0x08003370   0x08003370   0x00000022   Code   RO         1826    i.TIM_TI1_ConfigInputStage  stm32f0xx_hal_tim.o
    0x08003392   0x08003392   0x00000026   Code   RO         1828    i.TIM_TI2_ConfigInputStage  stm32f0xx_hal_tim.o
    0x080033b8   0x080033b8   0x000000ca   Code   RO         1108    i.UART_AdvFeatureConfig  stm32f0xx_hal_uart.o
    0x08003482   0x08003482   0x00000002   PAD
    0x08003484   0x08003484   0x00000074   Code   RO         1109    i.UART_CheckIdleState  stm32f0xx_hal_uart.o
    0x080034f8   0x080034f8   0x00000014   Code   RO         1110    i.UART_DMAAbortOnError  stm32f0xx_hal_uart.o
    0x0800350c   0x0800350c   0x0000004a   Code   RO         1111    i.UART_DMAError     stm32f0xx_hal_uart.o
    0x08003556   0x08003556   0x00000040   Code   RO         1112    i.UART_DMAReceiveCplt  stm32f0xx_hal_uart.o
    0x08003596   0x08003596   0x0000000a   Code   RO         1114    i.UART_DMARxHalfCplt  stm32f0xx_hal_uart.o
    0x080035a0   0x080035a0   0x0000001e   Code   RO         1120    i.UART_EndRxTransfer  stm32f0xx_hal_uart.o
    0x080035be   0x080035be   0x0000001a   Code   RO         1121    i.UART_EndTransmit_IT  stm32f0xx_hal_uart.o
    0x080035d8   0x080035d8   0x00000012   Code   RO         1122    i.UART_EndTxTransfer  stm32f0xx_hal_uart.o
    0x080035ea   0x080035ea   0x0000007a   Code   RO         1123    i.UART_Receive_IT   stm32f0xx_hal_uart.o
    0x08003664   0x08003664   0x0000015c   Code   RO         1124    i.UART_SetConfig    stm32f0xx_hal_uart.o
    0x080037c0   0x080037c0   0x00000066   Code   RO         1125    i.UART_Transmit_IT  stm32f0xx_hal_uart.o
    0x08003826   0x08003826   0x00000062   Code   RO         1126    i.UART_WaitOnFlagUntilTimeout  stm32f0xx_hal_uart.o
    0x08003888   0x08003888   0x00000010   Code   RO         5106    i.USART1_IRQHandler  stm32f0xx_it.o
    0x08003898   0x08003898   0x00000002   Code   RO         4962    i._Error_Handler    main.o
    0x0800389a   0x0800389a   0x00000002   PAD
    0x0800389c   0x0800389c   0x00000020   Code   RO         5803    i.__0printf         mc_p.l(printfa.o)
    0x080038bc   0x080038bc   0x0000002e   Code   RO         5953    i.__ARM_clz         mf_p.l(depilogue.o)
    0x080038ea   0x080038ea   0x00000030   Code   RO         3488    i.__ARM_common_ll_mulss  inv_mpu_dmp_motion_driver.o
    0x0800391a   0x0800391a   0x0000001a   Code   RO          457    i.__ARM_common_switch8  stm32f0xx_hal_dma.o
    0x08003934   0x08003934   0x0000002c   Code   RO         5886    i.__ARM_fpclassify  m_ps.l(fpclassify.o)
    0x08003960   0x08003960   0x000000ac   Code   RO         5904    i.__kernel_poly     m_ps.l(poly.o)
    0x08003a0c   0x08003a0c   0x0000000a   Code   RO         5873    i.__mathlib_dbl_infnan  m_ps.l(dunder.o)
    0x08003a16   0x08003a16   0x00000010   Code   RO         5875    i.__mathlib_dbl_invalid  m_ps.l(dunder.o)
    0x08003a26   0x08003a26   0x00000002   PAD
    0x08003a28   0x08003a28   0x00000014   Code   RO         5878    i.__mathlib_dbl_underflow  m_ps.l(dunder.o)
    0x08003a3c   0x08003a3c   0x0000000e   Code   RO         5965    i.__scatterload_copy  mc_p.l(handlers.o)
    0x08003a4a   0x08003a4a   0x00000002   Code   RO         5966    i.__scatterload_null  mc_p.l(handlers.o)
    0x08003a4c   0x08003a4c   0x0000000e   Code   RO         5967    i.__scatterload_zeroinit  mc_p.l(handlers.o)
    0x08003a5a   0x08003a5a   0x00000002   PAD
    0x08003a5c   0x08003a5c   0x0000000c   Code   RO         5941    i.__set_errno       mc_p.l(errno.o)
    0x08003a68   0x08003a68   0x00000174   Code   RO         5810    i._fp_digits        mc_p.l(printfa.o)
    0x08003bdc   0x08003bdc   0x000006ec   Code   RO         5811    i._printf_core      mc_p.l(printfa.o)
    0x080042c8   0x080042c8   0x00000020   Code   RO         5812    i._printf_post_padding  mc_p.l(printfa.o)
    0x080042e8   0x080042e8   0x0000002c   Code   RO         5813    i._printf_pre_padding  mc_p.l(printfa.o)
    0x08004314   0x08004314   0x00000074   Code   RO         2991    i.accel_self_test   inv_mpu.o
    0x08004388   0x08004388   0x00000274   Code   RO         5440    i.asin              m_ps.l(asin.o)
    0x080045fc   0x080045fc   0x00000054   Code   RO         5235    i.balance           exti_pd2_irqhandler.o
    0x08004650   0x08004650   0x00000038   Code   RO         3319    i.dmp_enable_6x_lp_quat  inv_mpu_dmp_motion_driver.o
    0x08004688   0x08004688   0x000001b4   Code   RO         3320    i.dmp_enable_feature  inv_mpu_dmp_motion_driver.o
    0x0800483c   0x0800483c   0x00000040   Code   RO         3321    i.dmp_enable_gyro_cal  inv_mpu_dmp_motion_driver.o
    0x0800487c   0x0800487c   0x00000038   Code   RO         3322    i.dmp_enable_lp_quat  inv_mpu_dmp_motion_driver.o
    0x080048b4   0x080048b4   0x0000001c   Code   RO         3327    i.dmp_load_motion_driver_firmware  inv_mpu_dmp_motion_driver.o
    0x080048d0   0x080048d0   0x00000160   Code   RO         3328    i.dmp_read_fifo     inv_mpu_dmp_motion_driver.o
    0x08004a30   0x08004a30   0x0000006c   Code   RO         3332    i.dmp_set_fifo_rate  inv_mpu_dmp_motion_driver.o
    0x08004a9c   0x08004a9c   0x00000058   Code   RO         3334    i.dmp_set_interrupt_mode  inv_mpu_dmp_motion_driver.o
    0x08004af4   0x08004af4   0x000000f0   Code   RO         3335    i.dmp_set_orientation  inv_mpu_dmp_motion_driver.o
    0x08004be4   0x08004be4   0x0000002c   Code   RO         3338    i.dmp_set_shake_reject_thresh  inv_mpu_dmp_motion_driver.o
    0x08004c10   0x08004c10   0x0000001e   Code   RO         3339    i.dmp_set_shake_reject_time  inv_mpu_dmp_motion_driver.o
    0x08004c2e   0x08004c2e   0x0000001e   Code   RO         3340    i.dmp_set_shake_reject_timeout  inv_mpu_dmp_motion_driver.o
    0x08004c4c   0x08004c4c   0x00000036   Code   RO         3341    i.dmp_set_tap_axes  inv_mpu_dmp_motion_driver.o
    0x08004c82   0x08004c82   0x00000024   Code   RO         3342    i.dmp_set_tap_count  inv_mpu_dmp_motion_driver.o
    0x08004ca6   0x08004ca6   0x00000002   PAD
    0x08004ca8   0x08004ca8   0x00000130   Code   RO         3343    i.dmp_set_tap_thresh  inv_mpu_dmp_motion_driver.o
    0x08004dd8   0x08004dd8   0x0000001e   Code   RO         3344    i.dmp_set_tap_time  inv_mpu_dmp_motion_driver.o
    0x08004df6   0x08004df6   0x0000001e   Code   RO         3345    i.dmp_set_tap_time_multi  inv_mpu_dmp_motion_driver.o
    0x08004e14   0x08004e14   0x0000001c   Code   RO         5203    i.fputc             override_printf_&_scanf.o
    0x08004e30   0x08004e30   0x000000a4   Code   RO         2992    i.get_accel_prod_shift  inv_mpu.o
    0x08004ed4   0x08004ed4   0x00000338   Code   RO         2993    i.get_st_biases     inv_mpu.o
    0x0800520c   0x0800520c   0x000000cc   Code   RO         2994    i.gyro_self_test    inv_mpu.o
    0x080052d8   0x080052d8   0x0000006a   Code   RO         3628    i.inv_apply_calibration  data_builder.o
    0x08005342   0x08005342   0x00000002   PAD
    0x08005344   0x08005344   0x00000064   Code   RO         4280    i.inv_convert_to_body_with_scale  ml_math_func.o
    0x080053a8   0x080053a8   0x00000022   Code   RO         4292    i.inv_orientation_matrix_to_scalar  ml_math_func.o
    0x080053ca   0x080053ca   0x0000000e   Code   RO         4295    i.inv_q30_mult      ml_math_func.o
    0x080053d8   0x080053d8   0x00000040   Code   RO         4311    i.inv_row_2_scale   ml_math_func.o
    0x08005418   0x08005418   0x00000040   Code   RO         3678    i.inv_set_accel_bias  data_builder.o
    0x08005458   0x08005458   0x0000000c   Code   RO         3680    i.inv_set_accel_orientation_and_scale  data_builder.o
    0x08005464   0x08005464   0x00000030   Code   RO         3681    i.inv_set_accel_sample_rate  data_builder.o
    0x08005494   0x08005494   0x00000054   Code   RO         3692    i.inv_set_gyro_bias  data_builder.o
    0x080054e8   0x080054e8   0x0000000c   Code   RO         3693    i.inv_set_gyro_orientation_and_scale  data_builder.o
    0x080054f4   0x080054f4   0x0000002c   Code   RO         3694    i.inv_set_gyro_sample_rate  data_builder.o
    0x08005520   0x08005520   0x00000014   Code   RO         4181    i.inv_set_message   message_layer.o
    0x08005534   0x08005534   0x0000003e   Code   RO         4963    i.main              main.o
    0x08005572   0x08005572   0x00000002   PAD
    0x08005574   0x08005574   0x0000005c   Code   RO         2995    i.mpu_configure_fifo  inv_mpu.o
    0x080055d0   0x080055d0   0x00000040   Code   RO         2996    i.mpu_get_accel_fsr  inv_mpu.o
    0x08005610   0x08005610   0x00000048   Code   RO         2998    i.mpu_get_accel_sens  inv_mpu.o
    0x08005658   0x08005658   0x00000038   Code   RO         3004    i.mpu_get_gyro_fsr  inv_mpu.o
    0x08005690   0x08005690   0x00000044   Code   RO         3006    i.mpu_get_gyro_sens  inv_mpu.o
    0x080056d4   0x080056d4   0x0000003c   Code   RO         3008    i.mpu_get_lpf       inv_mpu.o
    0x08005710   0x08005710   0x00000020   Code   RO         3010    i.mpu_get_sample_rate  inv_mpu.o
    0x08005730   0x08005730   0x000000c4   Code   RO         3012    i.mpu_init          inv_mpu.o
    0x080057f4   0x080057f4   0x0000009c   Code   RO         3013    i.mpu_load_firmware  inv_mpu.o
    0x08005890   0x08005890   0x000000a8   Code   RO         3014    i.mpu_lp_accel_mode  inv_mpu.o
    0x08005938   0x08005938   0x0000009c   Code   RO         3020    i.mpu_read_fifo_stream  inv_mpu.o
    0x080059d4   0x080059d4   0x00000058   Code   RO         3021    i.mpu_read_mem      inv_mpu.o
    0x08005a2c   0x08005a2c   0x0000016c   Code   RO         3024    i.mpu_reset_fifo    inv_mpu.o
    0x08005b98   0x08005b98   0x000000fc   Code   RO         3025    i.mpu_run_self_test  inv_mpu.o
    0x08005c94   0x08005c94   0x00000068   Code   RO         3028    i.mpu_set_accel_fsr  inv_mpu.o
    0x08005cfc   0x08005cfc   0x000000dc   Code   RO         3029    i.mpu_set_bypass    inv_mpu.o
    0x08005dd8   0x08005dd8   0x00000078   Code   RO         3031    i.mpu_set_dmp_state  inv_mpu.o
    0x08005e50   0x08005e50   0x00000070   Code   RO         3033    i.mpu_set_gyro_fsr  inv_mpu.o
    0x08005ec0   0x08005ec0   0x00000068   Code   RO         3034    i.mpu_set_int_latched  inv_mpu.o
    0x08005f28   0x08005f28   0x0000006c   Code   RO         3036    i.mpu_set_lpf       inv_mpu.o
    0x08005f94   0x08005f94   0x00000094   Code   RO         3037    i.mpu_set_sample_rate  inv_mpu.o
    0x08006028   0x08006028   0x000000bc   Code   RO         3038    i.mpu_set_sensors   inv_mpu.o
    0x080060e4   0x080060e4   0x0000072c   Code   RO         2820    i.mpu_start         mpu6050_set_init.o
    0x08006810   0x08006810   0x00000058   Code   RO         3039    i.mpu_write_mem     inv_mpu.o
    0x08006868   0x08006868   0x000001c0   Code   RO         2821    i.run_self_test     mpu6050_set_init.o
    0x08006a28   0x08006a28   0x000000a8   Code   RO         5286    i.self_balancing_robot_main_Init  self-balancing-robot_main_init.o
    0x08006ad0   0x08006ad0   0x00000064   Code   RO         3040    i.set_int_enable    inv_mpu.o
    0x08006b34   0x08006b34   0x00000048   Code   RO         5528    i.sqrt              m_ps.l(sqrt.o)
    0x08006b7c   0x08006b7c   0x00000148   Code   RO         5236    i.turn              exti_pd2_irqhandler.o
    0x08006cc4   0x08006cc4   0x000000c4   Code   RO         5237    i.velocity          exti_pd2_irqhandler.o
    0x08006d88   0x08006d88   0x0000001e   Data   RO         3041    .constdata          inv_mpu.o
    0x08006da6   0x08006da6   0x0000000c   Data   RO         3042    .constdata          inv_mpu.o
    0x08006db2   0x08006db2   0x00000002   PAD
    0x08006db4   0x08006db4   0x00000028   Data   RO         3043    .constdata          inv_mpu.o
    0x08006ddc   0x08006ddc   0x00000bf6   Data   RO         3347    .constdata          inv_mpu_dmp_motion_driver.o
    0x080079d2   0x080079d2   0x00000010   Data   RO         5395    .constdata          system_stm32f0xx.o
    0x080079e2   0x080079e2   0x00000008   Data   RO         5396    .constdata          system_stm32f0xx.o
    0x080079ea   0x080079ea   0x00000006   PAD
    0x080079f0   0x080079f0   0x00000050   Data   RO         5441    .constdata          m_ps.l(asin.o)
    0x08007a40   0x08007a40   0x0000011e   Data   RO         2823    .conststring        mpu6050_set_init.o
    0x08007b5e   0x08007b5e   0x00000002   PAD
    0x08007b60   0x08007b60   0x00000020   Data   RO         5963    Region$$Table       anon$$obj.o


    Execution Region RW_IRAM1 (Exec base: 0x20000000, Load base: 0x08007b80, Size: 0x00000b08, Max: 0x00004000, ABSOLUTE, COMPRESSED[0x00000034])

    Exec Addr    Load Addr    Size         Type   Attr      Idx    E Section Name        Object

    0x20000000   COMPRESSED   0x00000004   Data   RW         2647    .data               stm32f0xx_hal.o
    0x20000004   COMPRESSED   0x0000000f   Data   RW         2825    .data               mpu6050_set_init.o
    0x20000013   COMPRESSED   0x00000005   PAD
    0x20000018   COMPRESSED   0x00000040   Data   RW         2955    .data               mpu6050_get_data.o
    0x20000058   COMPRESSED   0x0000002c   Data   RW         3044    .data               inv_mpu.o
    0x20000084   COMPRESSED   0x00000004   Data   RW         4182    .data               message_layer.o
    0x20000088   COMPRESSED   0x00000098   Data   RW         5239    .data               exti_pd2_irqhandler.o
    0x20000120   COMPRESSED   0x00000001   Data   RW         5288    .data               self-balancing-robot_main_init.o
    0x20000121   COMPRESSED   0x00000007   PAD
    0x20000128   COMPRESSED   0x00000010   Data   RW         5342    .data               exti_usart1_bt.o
    0x20000138   COMPRESSED   0x00000004   Data   RW         5397    .data               system_stm32f0xx.o
    0x2000013c   COMPRESSED   0x00000004   Data   RW         5934    .data               mc_p.l(stdout.o)
    0x20000140   COMPRESSED   0x00000004   Data   RW         5942    .data               mc_p.l(errno.o)
    0x20000144        -       0x00000010   Zero   RW         2954    .bss                mpu6050_get_data.o
    0x20000154        -       0x00000010   Zero   RW         3346    .bss                inv_mpu_dmp_motion_driver.o
    0x20000164   COMPRESSED   0x00000004   PAD
    0x20000168        -       0x00000310   Zero   RW         3699    .bss                data_builder.o
    0x20000478        -       0x000000c0   Zero   RW         4894    .bss                tim.o
    0x20000538        -       0x0000004c   Zero   RW         5015    .bss                i2c.o
    0x20000584        -       0x00000168   Zero   RW         5058    .bss                usart.o
    0x200006ec        -       0x0000001c   Zero   RW         5287    .bss                self-balancing-robot_main_init.o
    0x20000708        -       0x00000400   Zero   RW            1    STACK               startup_stm32f072xb.o


==============================================================================

Image component sizes


      Code (inc. data)   RO Data    RW Data    ZI Data      Debug   Object Name

       370         34          0          0        784       6605   data_builder.o
        40          4          0          0          0        910   dma.o
         0          0          0          0          0       3288   empl_outputs.o
        28          8          0          0          0       1119   encoder.o
      1096        124          0        152          0       4844   exti_pd2_irqhandler.o
       156         32          0         16          0       1593   exti_usart1_bt.o
       212         22          0          0          0       1163   gpio.o
       192         42          0          0         76       1813   i2c.o
      4504        232         82         44          0      29194   inv_mpu.o
      2034        180       3062          0         16      19906   inv_mpu_dmp_motion_driver.o
       182          0          0          0          0       2341   main.o
        20          4          0          4          0       1394   message_layer.o
       212          6          0          0          0       5104   ml_math_func.o
       204         16          0         64         16       2119   mpu6050_get_data.o
      2284       1430        286         15          0      10119   mpu6050_set_init.o
        28         10          0          0          0       2397   override_printf_&_scanf.o
       168         26          0          1         28       1720   self-balancing-robot_main_init.o
        28          8        192          0       1024        648   startup_stm32f072xb.o
       122         18          0          4          0       3999   stm32f0xx_hal.o
       218         40          0          0          0      12116   stm32f0xx_hal_cortex.o
       524         14          0          0          0       5262   stm32f0xx_hal_dma.o
       380         36          0          0          0       3099   stm32f0xx_hal_gpio.o
      1494         26          0          0          0      12306   stm32f0xx_hal_i2c.o
       146          0          0          0          0       2135   stm32f0xx_hal_i2c_ex.o
        56          6          0          0          0       1010   stm32f0xx_hal_msp.o
         0          0          0          0          0     494456   stm32f0xx_hal_pwr_ex.o
      1504        102          0          0          0       5513   stm32f0xx_hal_rcc.o
       288         14          0          0          0       1700   stm32f0xx_hal_rcc_ex.o
      1736        140          0          0          0      15082   stm32f0xx_hal_tim.o
       168          0          0          0          0       2300   stm32f0xx_hal_tim_ex.o
      2016         64          0          0          0      15550   stm32f0xx_hal_uart.o
         2          0          0          0          0       1180   stm32f0xx_hal_uart_ex.o
        74         14          0          0          0       2442   stm32f0xx_it.o
        92         16         24          4          0       1367   system_stm32f0xx.o
       676        108          0          0        192       4588   tim.o
       432         90          0          0        360       2685   usart.o

    ----------------------------------------------------------------------
     21714       2866       3688        316       2500     683067   Object Totals
         0          0         32          0          0          0   (incl. Generated)
        28          0         10         12          4          0   (incl. Padding)

    ----------------------------------------------------------------------

      Code (inc. data)   RO Data    RW Data    ZI Data      Debug   Library Member Name

       628         54         80          0          0        104   asin.o
        46          6          0          0          0        204   dunder.o
        44          4          0          0          0         60   fpclassify.o
       172          0          0          0          0         76   poly.o
        72          6          0          0          0         76   sqrt.o
        86          0          0          0          0          0   __dczerorl2.o
         0          0          0          0          0          0   entry.o
         0          0          0          0          0          0   entry10a.o
         0          0          0          0          0          0   entry11a.o
         8          4          0          0          0          0   entry2.o
         4          0          0          0          0          0   entry5.o
         0          0          0          0          0          0   entry7b.o
         0          0          0          0          0          0   entry8b.o
         8          4          0          0          0          0   entry9a.o
        12          6          0          4          0         60   errno.o
        30          0          0          0          0          0   handlers.o
        40          0          0          0          0         72   idiv.o
        36          8          0          0          0         68   init.o
         0          0          0          0          0          0   iusefp.o
        76          0          0          0          0         76   ldiv.o
        32          0          0          0          0         68   llshl.o
        38          0          0          0          0         68   llsshr.o
        34          0          0          0          0         68   llushr.o
        26          0          0          0          0         72   memcmp.o
        36          0          0          0          0        100   memseta.o
      2252         98          0          0          0        412   printfa.o
         0          0          0          4          0          0   stdout.o
        44          0          0          0          0         72   uidiv.o
        96          0          0          0          0         84   uldiv.o
        40          2          0          0          0         68   cdcmple.o
        40          2          0          0          0         68   cdrcmple.o
        56          0          0          0          0         68   d2f.o
       356          4          0          0          0        140   dadd.o
       240          6          0          0          0         84   ddiv.o
       236          0          0          0          0        216   depilogue.o
        72         10          0          0          0         72   dfixi.o
        64         10          0          0          0         68   dfixul.o
        40          6          0          0          0         68   dflti.o
       208          6          0          0          0         88   dmul.o
        44          0          0          0          0         72   dscalb.o
       162          0          0          0          0         80   dsqrt.o
        40          0          0          0          0         60   f2d.o
       178          0          0          0          0        108   fadd.o
       124          0          0          0          0         72   fdiv.o
       130          0          0          0          0        144   fepilogue.o
        50          0          0          0          0         60   ffixi.o
        40          0          0          0          0         60   ffixui.o
        22          0          0          0          0         68   fflti.o
        14          0          0          0          0         68   ffltui.o
       122          0          0          0          0         72   fmul.o
        24          0          0          0          0         60   fscalb.o

    ----------------------------------------------------------------------
      6134        236         80          8          0       3604   Library Totals
        12          0          0          0          0          0   (incl. Padding)

    ----------------------------------------------------------------------

      Code (inc. data)   RO Data    RW Data    ZI Data      Debug   Library Name

       962         70         80          0          0        520   m_ps.l
      2858        120          0          8          0       1220   mc_p.l
      2302         46          0          0          0       1864   mf_p.l

    ----------------------------------------------------------------------
      6134        236         80          8          0       3604   Library Totals

    ----------------------------------------------------------------------

==============================================================================


      Code (inc. data)   RO Data    RW Data    ZI Data      Debug   

     27848       3102       3768        324       2500     677155   Grand Totals
     27848       3102       3768         52       2500     677155   ELF Image Totals (compressed)
     27848       3102       3768         52          0          0   ROM Totals

==============================================================================

    Total RO  Size (Code + RO Data)                31616 (  30.88kB)
    Total RW  Size (RW Data + ZI Data)              2824 (   2.76kB)
    Total ROM Size (Code + RO Data + RW Data)      31668 (  30.93kB)

==============================================================================

